#
# There is insufficient memory for the Java Runtime Environment to continue.
# Native memory allocation (malloc) failed to allocate 1159536 bytes. Error detail: Chunk::new
# Possible reasons:
#   The system is out of physical RAM or swap space
#   This process is running with CompressedOops enabled, and the Java Heap may be blocking the growth of the native heap
# Possible solutions:
#   Reduce memory load on the system
#   Increase physical memory or swap space
#   Check if swap backing store is full
#   Decrease Java heap size (-Xmx/-Xms)
#   Decrease number of Java threads
#   Decrease Java thread stack sizes (-Xss)
#   Set larger code cache with -XX:ReservedCodeCacheSize=
#   JVM is running with Unscaled Compressed Oops mode in which the Java heap is
#     placed in the first 4GB address space. The Java Heap base address is the
#     maximum limit for the native heap growth. Please use -XX:HeapBaseMinAddress
#     to set the Java Heap base and to place the Java Heap above 4GB virtual address.
# This output file may be truncated or incomplete.
#
#  Out of Memory Error (arena.cpp:168), pid=36308, tid=24016
#
# JRE version: OpenJDK Runtime Environment Temurin-21.0.10+7 (21.0.10+7) (build 21.0.10+7-LTS)
# Java VM: OpenJDK 64-Bit Server VM Temurin-21.0.10+7 (21.0.10+7-LTS, mixed mode, sharing, tiered, compressed oops, compressed class ptrs, parallel gc, windows-amd64)
# No core dump will be written. Minidumps are not enabled by default on client versions of Windows
#

---------------  S U M M A R Y ------------

Command Line: --add-modules=ALL-SYSTEM --add-opens=java.base/java.util=ALL-UNNAMED --add-opens=java.base/java.lang=ALL-UNNAMED --add-opens=java.base/sun.nio.fs=ALL-UNNAMED -Declipse.application=org.eclipse.jdt.ls.core.id1 -Dosgi.bundles.defaultStartLevel=4 -Declipse.product=org.eclipse.jdt.ls.core.product -Djava.import.generatesMetadataFilesAtProjectRoot=false -DDetectVMInstallationsJob.disabled=true -Dfile.encoding=utf8 -XX:+UseParallelGC -XX:GCTimeRatio=4 -XX:AdaptiveSizePolicyWeight=90 -Dsun.zip.disableMemoryMapping=true -Xmx2G -Xms100m -Xlog:disable -javaagent:c:\Users\valer\.vscode\extensions\redhat.java-1.54.0-win32-x64\lombok\lombok-1.18.39-4050.jar -XX:+HeapDumpOnOutOfMemoryError -XX:HeapDumpPath=c:\Users\valer\AppData\Roaming\Code\User\workspaceStorage\3fb38b111684ee3380467fac27e5d9e0\redhat.java -Daether.dependencyCollector.impl=bf -Xmx512M -Xms512M c:\Users\valer\.vscode\extensions\redhat.java-1.54.0-win32-x64\server\plugins\org.eclipse.equinox.launcher_1.7.100.v20251111-0406.jar -configuration c:\Users\valer\AppData\Roaming\Code\User\globalStorage\redhat.java\1.54.0\config_win -data c:\Users\valer\AppData\Roaming\Code\User\workspaceStorage\3fb38b111684ee3380467fac27e5d9e0\redhat.java\jdt_ws --pipe=\\.\pipe\lsp-ebc81d42a6e4087dd051b92668740eb3-sock

Host: Intel(R) Core(TM) i7-1065G7 CPU @ 1.30GHz, 8 cores, 15G,  Windows 11 , 64 bit Build 26100 (10.0.26100.8521)
Time: Sat Jun 20 18:50:13 2026 ora legale Europa occidentale elapsed time: 16.561391 seconds (0d 0h 0m 16s)

---------------  T H R E A D  ---------------

Current thread (0x000002400abafa50):  JavaThread "C2 CompilerThread0" daemon [_thread_in_native, id=24016, stack(0x0000007888800000,0x0000007888900000) (1024K)]


Current CompileTask:
C2:16561 9754   !   4       org.eclipse.osgi.internal.loader.BundleLoader::findClass0 (490 bytes)

Stack: [0x0000007888800000,0x0000007888900000]
Native frames: (J=compiled Java code, j=interpreted, Vv=VM code, C=native code)
V  [jvm.dll+0x6d7a39]
V  [jvm.dll+0x8b4b26]
V  [jvm.dll+0x8b70de]
V  [jvm.dll+0x8b77c3]
V  [jvm.dll+0x284346]
V  [jvm.dll+0xc66ed]
V  [jvm.dll+0xc6c31]
V  [jvm.dll+0x3bec01]
V  [jvm.dll+0x1e3d62]
V  [jvm.dll+0x24c6b3]
V  [jvm.dll+0x24bb40]
V  [jvm.dll+0x1cb34e]
V  [jvm.dll+0x25b85d]
V  [jvm.dll+0x259dea]
V  [jvm.dll+0x3f857e]
V  [jvm.dll+0x85f59d]
V  [jvm.dll+0x6d626d]
C  [ucrtbase.dll+0x2cd30]
C  [KERNEL32.DLL+0x2e957]
C  [ntdll.dll+0x87c1c]


---------------  P R O C E S S  ---------------

Threads class SMR info:
_java_thread_list=0x0000024069a66f90, length=68, elements={
0x000002400891a290, 0x000002400ab8c920, 0x000002400ab8e840, 0x000002400ab93ab0,
0x000002400ab94990, 0x000002400aba01f0, 0x000002400aba9e20, 0x000002400abafa50,
0x000002400abb4610, 0x0000024060aa7ff0, 0x0000024060b32dd0, 0x00000240659872c0,
0x00000240659391c0, 0x00000240657c5650, 0x00000240657cd200, 0x0000024065e6faa0,
0x0000024065ee8200, 0x0000024065dcbaa0, 0x0000024060c39430, 0x0000024060c39ac0,
0x0000024060c3ae70, 0x0000024060c3a7e0, 0x000002406759e410, 0x0000024060c3a150,
0x0000024060c38da0, 0x0000024060c38710, 0x000002406668ad20, 0x000002406668b3b0,
0x000002406668ba40, 0x000002406668a000, 0x000002406668a690, 0x00000240666885c0,
0x0000024066688c50, 0x000002406668c0d0, 0x000002406668c760, 0x00000240666892e0,
0x0000024066689970, 0x000002406668e1a0, 0x000002406668e830, 0x000002406668db10,
0x000002406668eec0, 0x000002406668f550, 0x000002406668fbe0, 0x0000024067285e70,
0x0000024067286b90, 0x0000024067284430, 0x0000024067283710, 0x0000024067287220,
0x0000024067284ac0, 0x0000024067283da0, 0x000002406728a010, 0x0000024067288c60,
0x00000240672878b0, 0x0000024067289980, 0x000002406728ad30, 0x000002406728a6a0,
0x0000024067287f40, 0x00000240672885d0, 0x00000240672892f0, 0x0000024068207fc0,
0x000002406918db60, 0x00000240682051d0, 0x00000240682072a0, 0x0000024068207930,
0x0000024068208ce0, 0x0000024068209370, 0x0000024068209a00, 0x0000024068206c10
}

Java Threads: ( => current thread )
  0x000002400891a290 JavaThread "main"                              [_thread_blocked, id=35036, stack(0x0000007887e00000,0x0000007887f00000) (1024K)]
  0x000002400ab8c920 JavaThread "Reference Handler"          daemon [_thread_blocked, id=37152, stack(0x0000007888200000,0x0000007888300000) (1024K)]
  0x000002400ab8e840 JavaThread "Finalizer"                  daemon [_thread_blocked, id=39156, stack(0x0000007888300000,0x0000007888400000) (1024K)]
  0x000002400ab93ab0 JavaThread "Signal Dispatcher"          daemon [_thread_blocked, id=4896, stack(0x0000007888400000,0x0000007888500000) (1024K)]
  0x000002400ab94990 JavaThread "Attach Listener"            daemon [_thread_blocked, id=4248, stack(0x0000007888500000,0x0000007888600000) (1024K)]
  0x000002400aba01f0 JavaThread "Service Thread"             daemon [_thread_blocked, id=11424, stack(0x0000007888600000,0x0000007888700000) (1024K)]
  0x000002400aba9e20 JavaThread "Monitor Deflation Thread"   daemon [_thread_blocked, id=36988, stack(0x0000007888700000,0x0000007888800000) (1024K)]
=>0x000002400abafa50 JavaThread "C2 CompilerThread0"         daemon [_thread_in_native, id=24016, stack(0x0000007888800000,0x0000007888900000) (1024K)]
  0x000002400abb4610 JavaThread "C1 CompilerThread0"         daemon [_thread_blocked, id=33744, stack(0x0000007888900000,0x0000007888a00000) (1024K)]
  0x0000024060aa7ff0 JavaThread "Common-Cleaner"             daemon [_thread_blocked, id=30152, stack(0x0000007888b00000,0x0000007888c00000) (1024K)]
  0x0000024060b32dd0 JavaThread "Notification Thread"        daemon [_thread_blocked, id=36536, stack(0x0000007888c00000,0x0000007888d00000) (1024K)]
  0x00000240659872c0 JavaThread "Active Thread: Equinox Container: 3f0f3993-157e-4e49-b7ce-bef56dbf0984"        [_thread_blocked, id=13720, stack(0x0000007888d00000,0x0000007888e00000) (1024K)]
  0x00000240659391c0 JavaThread "Refresh Thread: Equinox Container: 3f0f3993-157e-4e49-b7ce-bef56dbf0984" daemon [_thread_blocked, id=38096, stack(0x0000007888e00000,0x0000007888f00000) (1024K)]
  0x00000240657c5650 JavaThread "Framework Event Dispatcher: Equinox Container: 3f0f3993-157e-4e49-b7ce-bef56dbf0984" daemon [_thread_blocked, id=29492, stack(0x0000007888a00000,0x0000007888b00000) (1024K)]
  0x00000240657cd200 JavaThread "Start Level: Equinox Container: 3f0f3993-157e-4e49-b7ce-bef56dbf0984" daemon [_thread_blocked, id=12932, stack(0x0000007888f00000,0x0000007889000000) (1024K)]
  0x0000024065e6faa0 JavaThread "Bundle File Closer"         daemon [_thread_blocked, id=5720, stack(0x0000007889200000,0x0000007889300000) (1024K)]
  0x0000024065ee8200 JavaThread "SCR Component Actor"        daemon [_thread_blocked, id=2144, stack(0x0000007889000000,0x0000007889100000) (1024K)]
  0x0000024065dcbaa0 JavaThread "Worker-JM"                         [_thread_blocked, id=1304, stack(0x0000007889b00000,0x0000007889c00000) (1024K)]
  0x0000024060c39430 JavaThread "JNA Cleaner"                daemon [_thread_blocked, id=34976, stack(0x0000007889100000,0x0000007889200000) (1024K)]
  0x0000024060c39ac0 JavaThread "Worker-0: Initialize Workspace"        [_thread_in_native, id=21036, stack(0x0000007889300000,0x0000007889400000) (1024K)]
  0x0000024060c3ae70 JavaThread "Worker-1"                          [_thread_blocked, id=9872, stack(0x0000007889c00000,0x0000007889d00000) (1024K)]
  0x0000024060c3a7e0 JavaThread "Worker-2"                          [_thread_blocked, id=40724, stack(0x0000007889e00000,0x0000007889f00000) (1024K)]
  0x000002406759e410 JavaThread "C2 CompilerThread1"         daemon [_thread_in_native, id=41672, stack(0x0000007889d00000,0x0000007889e00000) (1024K)]
  0x0000024060c3a150 JavaThread "Java indexing"              daemon [_thread_blocked, id=31608, stack(0x0000007889f00000,0x000000788a000000) (1024K)]
  0x0000024060c38da0 JavaThread "Worker-3"                          [_thread_blocked, id=35576, stack(0x000000788a000000,0x000000788a100000) (1024K)]
  0x0000024060c38710 JavaThread "Worker-4"                          [_thread_blocked, id=35472, stack(0x000000788a400000,0x000000788a500000) (1024K)]
  0x000002406668ad20 JavaThread "Worker-5"                          [_thread_blocked, id=32756, stack(0x000000788a500000,0x000000788a600000) (1024K)]
  0x000002406668b3b0 JavaThread "Thread-1"                   daemon [_thread_in_native, id=14084, stack(0x000000788a600000,0x000000788a700000) (1024K)]
  0x000002406668ba40 JavaThread "Thread-2"                   daemon [_thread_in_native, id=39204, stack(0x000000788a700000,0x000000788a800000) (1024K)]
  0x000002406668a000 JavaThread "Thread-3"                   daemon [_thread_in_native, id=23212, stack(0x000000788a800000,0x000000788a900000) (1024K)]
  0x000002406668a690 JavaThread "Thread-4"                   daemon [_thread_in_native, id=16964, stack(0x000000788a900000,0x000000788aa00000) (1024K)]
  0x00000240666885c0 JavaThread "Thread-5"                   daemon [_thread_in_native, id=14352, stack(0x000000788aa00000,0x000000788ab00000) (1024K)]
  0x0000024066688c50 JavaThread "Thread-6"                   daemon [_thread_in_native, id=33160, stack(0x000000788ab00000,0x000000788ac00000) (1024K)]
  0x000002406668c0d0 JavaThread "Thread-7"                   daemon [_thread_in_native, id=41416, stack(0x000000788ac00000,0x000000788ad00000) (1024K)]
  0x000002406668c760 JavaThread "Thread-8"                   daemon [_thread_in_native, id=34300, stack(0x000000788ad00000,0x000000788ae00000) (1024K)]
  0x00000240666892e0 JavaThread "Thread-9"                   daemon [_thread_in_native, id=28696, stack(0x000000788ae00000,0x000000788af00000) (1024K)]
  0x0000024066689970 JavaThread "pool-2-thread-1"                   [_thread_blocked, id=892, stack(0x000000788af00000,0x000000788b000000) (1024K)]
  0x000002406668e1a0 JavaThread "WorkspaceEventsHandler"            [_thread_blocked, id=34752, stack(0x000000788b000000,0x000000788b100000) (1024K)]
  0x000002406668e830 JavaThread "pool-1-thread-1"                   [_thread_blocked, id=30628, stack(0x000000788b100000,0x000000788b200000) (1024K)]
  0x000002406668db10 JavaThread "ForkJoinPool.commonPool-worker-1" daemon [_thread_blocked, id=38824, stack(0x000000788b200000,0x000000788b300000) (1024K)]
  0x000002406668eec0 JavaThread "ForkJoinPool.commonPool-worker-2" daemon [_thread_blocked, id=19160, stack(0x000000788b300000,0x000000788b400000) (1024K)]
  0x000002406668f550 JavaThread "ForkJoinPool.commonPool-worker-3" daemon [_thread_blocked, id=38224, stack(0x000000788b400000,0x000000788b500000) (1024K)]
  0x000002406668fbe0 JavaThread "ForkJoinPool.commonPool-worker-4" daemon [_thread_blocked, id=35800, stack(0x000000788b500000,0x000000788b600000) (1024K)]
  0x0000024067285e70 JavaThread "ForkJoinPool.commonPool-worker-5" daemon [_thread_blocked, id=16168, stack(0x000000788b600000,0x000000788b700000) (1024K)]
  0x0000024067286b90 JavaThread "ForkJoinPool.commonPool-worker-6" daemon [_thread_blocked, id=24184, stack(0x000000788b700000,0x000000788b800000) (1024K)]
  0x0000024067284430 JavaThread "ForkJoinPool.commonPool-worker-7" daemon [_thread_blocked, id=34328, stack(0x000000788b800000,0x000000788b900000) (1024K)]
  0x0000024067283710 JavaThread "LocalFile Deleter"          daemon [_thread_blocked, id=22088, stack(0x000000788b900000,0x000000788ba00000) (1024K)]
  0x0000024067287220 JavaThread "LocalFile Deleter"          daemon [_thread_blocked, id=38360, stack(0x000000788ba00000,0x000000788bb00000) (1024K)]
  0x0000024067284ac0 JavaThread "LocalFile Deleter"          daemon [_thread_blocked, id=6980, stack(0x000000788bb00000,0x000000788bc00000) (1024K)]
  0x0000024067283da0 JavaThread "LocalFile Deleter"          daemon [_thread_blocked, id=31584, stack(0x000000788bc00000,0x000000788bd00000) (1024K)]
  0x000002406728a010 JavaThread "LocalFile Deleter"          daemon [_thread_blocked, id=38332, stack(0x000000788bd00000,0x000000788be00000) (1024K)]
  0x0000024067288c60 JavaThread "LocalFile Deleter"          daemon [_thread_blocked, id=36824, stack(0x000000788be00000,0x000000788bf00000) (1024K)]
  0x00000240672878b0 JavaThread "LocalFile Deleter"          daemon [_thread_blocked, id=30612, stack(0x000000788bf00000,0x000000788c000000) (1024K)]
  0x0000024067289980 JavaThread "LocalFile Deleter"          daemon [_thread_blocked, id=29168, stack(0x000000788c000000,0x000000788c100000) (1024K)]
  0x000002406728ad30 JavaThread "Compiler Source File Reader" daemon [_thread_blocked, id=40720, stack(0x000000788c100000,0x000000788c200000) (1024K)]
  0x000002406728a6a0 JavaThread "Compiler Source File Reader" daemon [_thread_blocked, id=13184, stack(0x000000788c200000,0x000000788c300000) (1024K)]
  0x0000024067287f40 JavaThread "Compiler Source File Reader" daemon [_thread_blocked, id=36260, stack(0x000000788c300000,0x000000788c400000) (1024K)]
  0x00000240672885d0 JavaThread "Compiler Source File Reader" daemon [_thread_blocked, id=14056, stack(0x000000788c400000,0x000000788c500000) (1024K)]
  0x00000240672892f0 JavaThread "Compiler Source File Reader" daemon [_thread_blocked, id=38268, stack(0x000000788c500000,0x000000788c600000) (1024K)]
  0x0000024068207fc0 JavaThread "Compiler Source File Reader" daemon [_thread_blocked, id=25520, stack(0x000000788c600000,0x000000788c700000) (1024K)]
  0x000002406918db60 JavaThread "C2 CompilerThread2"         daemon [_thread_in_native, id=41000, stack(0x000000788a100000,0x000000788a200000) (1024K)]
  0x00000240682051d0 JavaThread "Compiler Processing Task"   daemon [_thread_blocked, id=33456, stack(0x000000788c700000,0x000000788c800000) (1024K)]
  0x00000240682072a0 JavaThread "Compiler Class File Writer" daemon [_thread_blocked, id=29396, stack(0x000000788c800000,0x000000788c900000) (1024K)]
  0x0000024068207930 JavaThread "Compiler Class File Writer" daemon [_thread_blocked, id=5376, stack(0x000000788c900000,0x000000788ca00000) (1024K)]
  0x0000024068208ce0 JavaThread "Compiler Class File Writer" daemon [_thread_blocked, id=36588, stack(0x000000788ca00000,0x000000788cb00000) (1024K)]
  0x0000024068209370 JavaThread "Compiler Class File Writer" daemon [_thread_blocked, id=15568, stack(0x000000788cb00000,0x000000788cc00000) (1024K)]
  0x0000024068209a00 JavaThread "Compiler Class File Writer" daemon [_thread_blocked, id=39668, stack(0x000000788cc00000,0x000000788cd00000) (1024K)]
  0x0000024068206c10 JavaThread "Compiler Class File Writer" daemon [_thread_blocked, id=39844, stack(0x000000788cd00000,0x000000788ce00000) (1024K)]
Total: 68

Other Threads:
  0x000002400ae02970 VMThread "VM Thread"                           [id=36256, stack(0x0000007888100000,0x0000007888200000) (1024K)]
  0x000002400adcfa90 WatcherThread "VM Periodic Task Thread"        [id=38668, stack(0x0000007888000000,0x0000007888100000) (1024K)]
  0x000002400ad7f6d0 WorkerThread "GC Thread#0"                     [id=21932, stack(0x0000007887f00000,0x0000007888000000) (1024K)]
  0x0000024065cde9f0 WorkerThread "GC Thread#1"                     [id=21696, stack(0x0000007889400000,0x0000007889500000) (1024K)]
  0x0000024065cdeda0 WorkerThread "GC Thread#2"                     [id=40676, stack(0x0000007889500000,0x0000007889600000) (1024K)]
  0x0000024065cdf150 WorkerThread "GC Thread#3"                     [id=30372, stack(0x0000007889600000,0x0000007889700000) (1024K)]
  0x0000024065b5f810 WorkerThread "GC Thread#4"                     [id=41544, stack(0x0000007889700000,0x0000007889800000) (1024K)]
  0x0000024065b5ff90 WorkerThread "GC Thread#5"                     [id=14044, stack(0x0000007889800000,0x0000007889900000) (1024K)]
  0x0000024065b60ae0 WorkerThread "GC Thread#6"                     [id=36232, stack(0x0000007889900000,0x0000007889a00000) (1024K)]
  0x0000024065c2e120 WorkerThread "GC Thread#7"                     [id=32344, stack(0x0000007889a00000,0x0000007889b00000) (1024K)]
Total: 10

Threads with active compile tasks:
C2 CompilerThread0  16601 9754   !   4       org.eclipse.osgi.internal.loader.BundleLoader::findClass0 (490 bytes)
C2 CompilerThread1  16601 9800       4       java.util.concurrent.ConcurrentHashMap::putAll (63 bytes)
C2 CompilerThread2  16601 9755   !   4       org.eclipse.osgi.internal.loader.classpath.ClasspathManager::defineClass (636 bytes)
Total: 3

VM state: not at safepoint (normal execution)

VM Mutex/Monitor currently owned by a thread: None

OutOfMemory and StackOverflow Exception counts:
OutOfMemoryError java_heap_errors=1
LinkageErrors=123

Heap address: 0x00000000e0000000, size: 512 MB, Compressed Oops mode: 32-bit

CDS archive(s) mapped at: [0x000002401e000000-0x000002401eba0000-0x000002401eba0000), size 12189696, SharedBaseAddress: 0x000002401e000000, ArchiveRelocationMode: 1.
Compressed class space mapped at: 0x000002401f000000-0x000002405f000000, reserved size: 1073741824
Narrow klass base: 0x000002401e000000, Narrow klass shift: 0, Narrow klass range: 0x100000000

GC Precious Log:
 CardTable entry size: 512
 CPUs: 8 total, 8 available
 Memory: 16161M
 Large Page Support: Disabled
 NUMA Support: Disabled
 Compressed Oops: Enabled (32-bit)
 Alignments: Space 512K, Generation 512K, Heap 2M
 Heap Min Capacity: 512M
 Heap Initial Capacity: 512M
 Heap Max Capacity: 512M
 Pre-touch: Disabled
 Parallel Workers: 8

Heap:
 PSYoungGen      total 153600K, used 86725K [0x00000000f5580000, 0x0000000100000000, 0x0000000100000000)
  eden space 132096K, 65% used [0x00000000f5580000,0x00000000faa314f0,0x00000000fd680000)
  from space 21504K, 0% used [0x00000000feb00000,0x00000000feb00000,0x0000000100000000)
  to   space 20992K, 0% used [0x00000000fd680000,0x00000000fd680000,0x00000000feb00000)
 ParOldGen       total 349696K, used 46340K [0x00000000e0000000, 0x00000000f5580000, 0x00000000f5580000)
  object space 349696K, 13% used [0x00000000e0000000,0x00000000e2d411e8,0x00000000f5580000)
 Metaspace       used 59788K, committed 61184K, reserved 1114112K
  class space    used 6368K, committed 6976K, reserved 1048576K

Card table byte_map: [0x000002400a700000,0x000002400a810000] _byte_map_base: 0x000002400a000000

Marking Bits: (ParMarkBitMap*) 0x00007ffc4de53450
 Begin Bits: [0x000002401cf60000, 0x000002401d760000)
 End Bits:   [0x000002401d760000, 0x000002401df60000)

Polling page: 0x0000024008b90000

Metaspace:

Usage:
  Non-class:     52.17 MB used.
      Class:      6.22 MB used.
       Both:     58.39 MB used.

Virtual space:
  Non-class space:       64.00 MB reserved,      52.94 MB ( 83%) committed,  1 nodes.
      Class space:        1.00 GB reserved,       6.81 MB ( <1%) committed,  1 nodes.
             Both:        1.06 GB reserved,      59.75 MB (  5%) committed. 

Chunk freelists:
   Non-Class:  10.38 MB
       Class:  9.14 MB
        Both:  19.52 MB

MaxMetaspaceSize: unlimited
CompressedClassSpaceSize: 1.00 GB
Initial GC threshold: 21.00 MB
Current GC threshold: 97.31 MB
CDS: on
 - commit_granule_bytes: 65536.
 - commit_granule_words: 8192.
 - virtual_space_node_default_size: 8388608.
 - enlarge_chunks_in_place: 1.
 - use_allocation_guard: 0.


Internal statistics:

num_allocs_failed_limit: 11.
num_arena_births: 1176.
num_arena_deaths: 18.
num_vsnodes_births: 2.
num_vsnodes_deaths: 0.
num_space_committed: 956.
num_space_uncommitted: 0.
num_chunks_returned_to_freelist: 31.
num_chunks_taken_from_freelist: 4035.
num_chunk_merges: 18.
num_chunk_splits: 2442.
num_chunks_enlarged: 1315.
num_inconsistent_stats: 0.

CodeHeap 'non-profiled nmethods': size=120000Kb used=5210Kb max_used=5210Kb free=114789Kb
 bounds [0x0000024015a30000, 0x0000024015f50000, 0x000002401cf60000]
CodeHeap 'profiled nmethods': size=120000Kb used=19401Kb max_used=19401Kb free=100598Kb
 bounds [0x000002400df60000, 0x000002400f260000, 0x0000024015490000]
CodeHeap 'non-nmethods': size=5760Kb used=1422Kb max_used=1500Kb free=4337Kb
 bounds [0x0000024015490000, 0x0000024015700000, 0x0000024015a30000]
CodeCache: size=245760Kb, used=26033Kb, max_used=26111Kb, free=219724Kb
 total_blobs=9850, nmethods=9127, adapters=629, full_count=0
Compilation: enabled, stopped_count=0, restarted_count=0

Compilation events (20 events):
Event: 14.538 Thread 0x000002400abb4610 nmethod 9914 0x000002400f23bf90 code [0x000002400f23c140, 0x000002400f23c270]
Event: 14.540 Thread 0x000002400abb4610 9917       2       java.nio.HeapByteBuffer::put (12 bytes)
Event: 14.541 Thread 0x000002400abb4610 nmethod 9917 0x000002400f23c310 code [0x000002400f23c4e0, 0x000002400f23c728]
Event: 14.541 Thread 0x000002400abb4610 9920       2       java.util.AbstractMap$2$1::hasNext (10 bytes)
Event: 14.541 Thread 0x000002400abb4610 nmethod 9920 0x000002400f23c890 code [0x000002400f23ca40, 0x000002400f23cb78]
Event: 14.541 Thread 0x000002400abb4610 9918       2       java.util.AbstractMap::values (25 bytes)
Event: 14.541 Thread 0x000002400abb4610 nmethod 9918 0x000002400f23cc10 code [0x000002400f23cda0, 0x000002400f23cf40]
Event: 14.541 Thread 0x000002400abb4610 9919       2       java.util.AbstractMap$2::iterator (9 bytes)
Event: 14.541 Thread 0x000002400abb4610 nmethod 9919 0x000002400f23d010 code [0x000002400f23d1c0, 0x000002400f23d3d0]
Event: 14.541 Thread 0x000002400abb4610 9921       2       sun.nio.cs.UTF_8$Decoder::<init> (8 bytes)
Event: 14.541 Thread 0x000002400abb4610 nmethod 9921 0x000002400f23d490 code [0x000002400f23d660, 0x000002400f23d790]
Event: 14.542 Thread 0x000002400abb4610 9922       2       java.util.AbstractMap$2$1::next (18 bytes)
Event: 14.542 Thread 0x000002400abb4610 nmethod 9922 0x000002400f23d810 code [0x000002400f23d9c0, 0x000002400f23db78]
Event: 14.542 Thread 0x000002400abb4610 9923       2       java.io.InputStreamReader::lockFor (24 bytes)
Event: 14.543 Thread 0x000002400abb4610 nmethod 9923 0x000002400f23dc90 code [0x000002400f23de40, 0x000002400f23e0f0]
Event: 14.543 Thread 0x000002400abb4610 9924       2       sun.nio.cs.UTF_8::newDecoder (9 bytes)
Event: 14.543 Thread 0x000002400abb4610 nmethod 9924 0x000002400f23e290 code [0x000002400f23e460, 0x000002400f23e600]
Event: 14.543 Thread 0x000002400abb4610 9925       2       java.io.Reader::<init> (27 bytes)
Event: 14.543 Thread 0x000002400abb4610 nmethod 9925 0x000002400f23e710 code [0x000002400f23e8c0, 0x000002400f23eab0]
Event: 15.545 Thread 0x000002400abb4610 9934       3       org.codehaus.plexus.util.xml.pull.MXParser::parseAttribute (1438 bytes)

GC Heap History (20 events):
Event: 7.323 GC heap before
{Heap before GC invocations=2 (full 0):
 PSYoungGen      total 153088K, used 81150K [0x00000000f5580000, 0x0000000100000000, 0x0000000100000000)
  eden space 131584K, 53% used [0x00000000f5580000,0x00000000f99f0418,0x00000000fd600000)
  from space 21504K, 51% used [0x00000000fd600000,0x00000000fe0cf518,0x00000000feb00000)
  to   space 21504K, 0% used [0x00000000feb00000,0x00000000feb00000,0x0000000100000000)
 ParOldGen       total 349696K, used 96K [0x00000000e0000000, 0x00000000f5580000, 0x00000000f5580000)
  object space 349696K, 0% used [0x00000000e0000000,0x00000000e0018010,0x00000000f5580000)
 Metaspace       used 20632K, committed 21504K, reserved 1114112K
  class space    used 2201K, committed 2560K, reserved 1048576K
}
Event: 7.332 GC heap after
{Heap after GC invocations=2 (full 0):
 PSYoungGen      total 153088K, used 13418K [0x00000000f5580000, 0x0000000100000000, 0x0000000100000000)
  eden space 131584K, 0% used [0x00000000f5580000,0x00000000f5580000,0x00000000fd600000)
  from space 21504K, 62% used [0x00000000feb00000,0x00000000ff81a870,0x0000000100000000)
  to   space 21504K, 0% used [0x00000000fd600000,0x00000000fd600000,0x00000000feb00000)
 ParOldGen       total 349696K, used 112K [0x00000000e0000000, 0x00000000f5580000, 0x00000000f5580000)
  object space 349696K, 0% used [0x00000000e0000000,0x00000000e001c010,0x00000000f5580000)
 Metaspace       used 20632K, committed 21504K, reserved 1114112K
  class space    used 2201K, committed 2560K, reserved 1048576K
}
Event: 7.332 GC heap before
{Heap before GC invocations=3 (full 1):
 PSYoungGen      total 153088K, used 13418K [0x00000000f5580000, 0x0000000100000000, 0x0000000100000000)
  eden space 131584K, 0% used [0x00000000f5580000,0x00000000f5580000,0x00000000fd600000)
  from space 21504K, 62% used [0x00000000feb00000,0x00000000ff81a870,0x0000000100000000)
  to   space 21504K, 0% used [0x00000000fd600000,0x00000000fd600000,0x00000000feb00000)
 ParOldGen       total 349696K, used 112K [0x00000000e0000000, 0x00000000f5580000, 0x00000000f5580000)
  object space 349696K, 0% used [0x00000000e0000000,0x00000000e001c010,0x00000000f5580000)
 Metaspace       used 20632K, committed 21504K, reserved 1114112K
  class space    used 2201K, committed 2560K, reserved 1048576K
}
Event: 7.374 GC heap after
{Heap after GC invocations=3 (full 1):
 PSYoungGen      total 153088K, used 0K [0x00000000f5580000, 0x0000000100000000, 0x0000000100000000)
  eden space 131584K, 0% used [0x00000000f5580000,0x00000000f5580000,0x00000000fd600000)
  from space 21504K, 0% used [0x00000000feb00000,0x00000000feb00000,0x0000000100000000)
  to   space 21504K, 0% used [0x00000000fd600000,0x00000000fd600000,0x00000000feb00000)
 ParOldGen       total 349696K, used 13224K [0x00000000e0000000, 0x00000000f5580000, 0x00000000f5580000)
  object space 349696K, 3% used [0x00000000e0000000,0x00000000e0cea150,0x00000000f5580000)
 Metaspace       used 20619K, committed 21504K, reserved 1114112K
  class space    used 2198K, committed 2560K, reserved 1048576K
}
Event: 9.321 GC heap before
{Heap before GC invocations=4 (full 1):
 PSYoungGen      total 153088K, used 131584K [0x00000000f5580000, 0x0000000100000000, 0x0000000100000000)
  eden space 131584K, 100% used [0x00000000f5580000,0x00000000fd600000,0x00000000fd600000)
  from space 21504K, 0% used [0x00000000feb00000,0x00000000feb00000,0x0000000100000000)
  to   space 21504K, 0% used [0x00000000fd600000,0x00000000fd600000,0x00000000feb00000)
 ParOldGen       total 349696K, used 13224K [0x00000000e0000000, 0x00000000f5580000, 0x00000000f5580000)
  object space 349696K, 3% used [0x00000000e0000000,0x00000000e0cea150,0x00000000f5580000)
 Metaspace       used 34106K, committed 35200K, reserved 1114112K
  class space    used 3541K, committed 3968K, reserved 1048576K
}
Event: 9.324 GC heap after
{Heap after GC invocations=4 (full 1):
 PSYoungGen      total 153088K, used 5863K [0x00000000f5580000, 0x0000000100000000, 0x0000000100000000)
  eden space 131584K, 0% used [0x00000000f5580000,0x00000000f5580000,0x00000000fd600000)
  from space 21504K, 27% used [0x00000000fd600000,0x00000000fdbb9eb0,0x00000000feb00000)
  to   space 21504K, 0% used [0x00000000feb00000,0x00000000feb00000,0x0000000100000000)
 ParOldGen       total 349696K, used 13232K [0x00000000e0000000, 0x00000000f5580000, 0x00000000f5580000)
  object space 349696K, 3% used [0x00000000e0000000,0x00000000e0cec150,0x00000000f5580000)
 Metaspace       used 34106K, committed 35200K, reserved 1114112K
  class space    used 3541K, committed 3968K, reserved 1048576K
}
Event: 9.389 GC heap before
{Heap before GC invocations=5 (full 1):
 PSYoungGen      total 153088K, used 16000K [0x00000000f5580000, 0x0000000100000000, 0x0000000100000000)
  eden space 131584K, 7% used [0x00000000f5580000,0x00000000f5f66408,0x00000000fd600000)
  from space 21504K, 27% used [0x00000000fd600000,0x00000000fdbb9eb0,0x00000000feb00000)
  to   space 21504K, 0% used [0x00000000feb00000,0x00000000feb00000,0x0000000100000000)
 ParOldGen       total 349696K, used 13232K [0x00000000e0000000, 0x00000000f5580000, 0x00000000f5580000)
  object space 349696K, 3% used [0x00000000e0000000,0x00000000e0cec150,0x00000000f5580000)
 Metaspace       used 34786K, committed 35840K, reserved 1114112K
  class space    used 3624K, committed 4096K, reserved 1048576K
}
Event: 9.392 GC heap after
{Heap after GC invocations=5 (full 1):
 PSYoungGen      total 153088K, used 6034K [0x00000000f5580000, 0x0000000100000000, 0x0000000100000000)
  eden space 131584K, 0% used [0x00000000f5580000,0x00000000f5580000,0x00000000fd600000)
  from space 21504K, 28% used [0x00000000feb00000,0x00000000ff0e4968,0x0000000100000000)
  to   space 21504K, 0% used [0x00000000fd600000,0x00000000fd600000,0x00000000feb00000)
 ParOldGen       total 349696K, used 13240K [0x00000000e0000000, 0x00000000f5580000, 0x00000000f5580000)
  object space 349696K, 3% used [0x00000000e0000000,0x00000000e0cee150,0x00000000f5580000)
 Metaspace       used 34786K, committed 35840K, reserved 1114112K
  class space    used 3624K, committed 4096K, reserved 1048576K
}
Event: 9.392 GC heap before
{Heap before GC invocations=6 (full 2):
 PSYoungGen      total 153088K, used 6034K [0x00000000f5580000, 0x0000000100000000, 0x0000000100000000)
  eden space 131584K, 0% used [0x00000000f5580000,0x00000000f5580000,0x00000000fd600000)
  from space 21504K, 28% used [0x00000000feb00000,0x00000000ff0e4968,0x0000000100000000)
  to   space 21504K, 0% used [0x00000000fd600000,0x00000000fd600000,0x00000000feb00000)
 ParOldGen       total 349696K, used 13240K [0x00000000e0000000, 0x00000000f5580000, 0x00000000f5580000)
  object space 349696K, 3% used [0x00000000e0000000,0x00000000e0cee150,0x00000000f5580000)
 Metaspace       used 34786K, committed 35840K, reserved 1114112K
  class space    used 3624K, committed 4096K, reserved 1048576K
}
Event: 9.424 GC heap after
{Heap after GC invocations=6 (full 2):
 PSYoungGen      total 153088K, used 0K [0x00000000f5580000, 0x0000000100000000, 0x0000000100000000)
  eden space 131584K, 0% used [0x00000000f5580000,0x00000000f5580000,0x00000000fd600000)
  from space 21504K, 0% used [0x00000000feb00000,0x00000000feb00000,0x0000000100000000)
  to   space 21504K, 0% used [0x00000000fd600000,0x00000000fd600000,0x00000000feb00000)
 ParOldGen       total 349696K, used 18425K [0x00000000e0000000, 0x00000000f5580000, 0x00000000f5580000)
  object space 349696K, 5% used [0x00000000e0000000,0x00000000e11fe5a8,0x00000000f5580000)
 Metaspace       used 34786K, committed 35840K, reserved 1114112K
  class space    used 3624K, committed 4096K, reserved 1048576K
}
Event: 10.288 GC heap before
{Heap before GC invocations=7 (full 2):
 PSYoungGen      total 153088K, used 131584K [0x00000000f5580000, 0x0000000100000000, 0x0000000100000000)
  eden space 131584K, 100% used [0x00000000f5580000,0x00000000fd600000,0x00000000fd600000)
  from space 21504K, 0% used [0x00000000feb00000,0x00000000feb00000,0x0000000100000000)
  to   space 21504K, 0% used [0x00000000fd600000,0x00000000fd600000,0x00000000feb00000)
 ParOldGen       total 349696K, used 18425K [0x00000000e0000000, 0x00000000f5580000, 0x00000000f5580000)
  object space 349696K, 5% used [0x00000000e0000000,0x00000000e11fe5a8,0x00000000f5580000)
 Metaspace       used 43549K, committed 44736K, reserved 1114112K
  class space    used 4698K, committed 5248K, reserved 1048576K
}
Event: 10.297 GC heap after
{Heap after GC invocations=7 (full 2):
 PSYoungGen      total 153088K, used 12670K [0x00000000f5580000, 0x0000000100000000, 0x0000000100000000)
  eden space 131584K, 0% used [0x00000000f5580000,0x00000000f5580000,0x00000000fd600000)
  from space 21504K, 58% used [0x00000000fd600000,0x00000000fe25f848,0x00000000feb00000)
  to   space 14336K, 0% used [0x00000000ff200000,0x00000000ff200000,0x0000000100000000)
 ParOldGen       total 349696K, used 18433K [0x00000000e0000000, 0x00000000f5580000, 0x00000000f5580000)
  object space 349696K, 5% used [0x00000000e0000000,0x00000000e12005a8,0x00000000f5580000)
 Metaspace       used 43549K, committed 44736K, reserved 1114112K
  class space    used 4698K, committed 5248K, reserved 1048576K
}
Event: 10.766 GC heap before
{Heap before GC invocations=8 (full 2):
 PSYoungGen      total 153088K, used 144254K [0x00000000f5580000, 0x0000000100000000, 0x0000000100000000)
  eden space 131584K, 100% used [0x00000000f5580000,0x00000000fd600000,0x00000000fd600000)
  from space 21504K, 58% used [0x00000000fd600000,0x00000000fe25f848,0x00000000feb00000)
  to   space 14336K, 0% used [0x00000000ff200000,0x00000000ff200000,0x0000000100000000)
 ParOldGen       total 349696K, used 18433K [0x00000000e0000000, 0x00000000f5580000, 0x00000000f5580000)
  object space 349696K, 5% used [0x00000000e0000000,0x00000000e12005a8,0x00000000f5580000)
 Metaspace       used 47150K, committed 48320K, reserved 1114112K
  class space    used 5113K, committed 5632K, reserved 1048576K
}
Event: 10.779 GC heap after
{Heap after GC invocations=8 (full 2):
 PSYoungGen      total 138752K, used 14317K [0x00000000f5580000, 0x0000000100000000, 0x0000000100000000)
  eden space 124416K, 0% used [0x00000000f5580000,0x00000000f5580000,0x00000000fcf00000)
  from space 14336K, 99% used [0x00000000ff200000,0x00000000ffffb6b0,0x0000000100000000)
  to   space 25088K, 0% used [0x00000000fcf00000,0x00000000fcf00000,0x00000000fe780000)
 ParOldGen       total 349696K, used 26964K [0x00000000e0000000, 0x00000000f5580000, 0x00000000f5580000)
  object space 349696K, 7% used [0x00000000e0000000,0x00000000e1a55050,0x00000000f5580000)
 Metaspace       used 47150K, committed 48320K, reserved 1114112K
  class space    used 5113K, committed 5632K, reserved 1048576K
}
Event: 12.700 GC heap before
{Heap before GC invocations=9 (full 2):
 PSYoungGen      total 138752K, used 138733K [0x00000000f5580000, 0x0000000100000000, 0x0000000100000000)
  eden space 124416K, 100% used [0x00000000f5580000,0x00000000fcf00000,0x00000000fcf00000)
  from space 14336K, 99% used [0x00000000ff200000,0x00000000ffffb6b0,0x0000000100000000)
  to   space 25088K, 0% used [0x00000000fcf00000,0x00000000fcf00000,0x00000000fe780000)
 ParOldGen       total 349696K, used 26964K [0x00000000e0000000, 0x00000000f5580000, 0x00000000f5580000)
  object space 349696K, 7% used [0x00000000e0000000,0x00000000e1a55050,0x00000000f5580000)
 Metaspace       used 55034K, committed 56384K, reserved 1114112K
  class space    used 5970K, committed 6592K, reserved 1048576K
}
Event: 12.709 GC heap after
{Heap after GC invocations=9 (full 2):
 PSYoungGen      total 149504K, used 20705K [0x00000000f5580000, 0x0000000100000000, 0x0000000100000000)
  eden space 124416K, 0% used [0x00000000f5580000,0x00000000f5580000,0x00000000fcf00000)
  from space 25088K, 82% used [0x00000000fcf00000,0x00000000fe338780,0x00000000fe780000)
  to   space 21504K, 0% used [0x00000000feb00000,0x00000000feb00000,0x0000000100000000)
 ParOldGen       total 349696K, used 26972K [0x00000000e0000000, 0x00000000f5580000, 0x00000000f5580000)
  object space 349696K, 7% used [0x00000000e0000000,0x00000000e1a57050,0x00000000f5580000)
 Metaspace       used 55034K, committed 56384K, reserved 1114112K
  class space    used 5970K, committed 6592K, reserved 1048576K
}
Event: 13.932 GC heap before
{Heap before GC invocations=10 (full 2):
 PSYoungGen      total 149504K, used 105620K [0x00000000f5580000, 0x0000000100000000, 0x0000000100000000)
  eden space 124416K, 68% used [0x00000000f5580000,0x00000000fa86ca10,0x00000000fcf00000)
  from space 25088K, 82% used [0x00000000fcf00000,0x00000000fe338780,0x00000000fe780000)
  to   space 21504K, 0% used [0x00000000feb00000,0x00000000feb00000,0x0000000100000000)
 ParOldGen       total 349696K, used 26972K [0x00000000e0000000, 0x00000000f5580000, 0x00000000f5580000)
  object space 349696K, 7% used [0x00000000e0000000,0x00000000e1a57050,0x00000000f5580000)
 Metaspace       used 58427K, committed 59776K, reserved 1114112K
  class space    used 6243K, committed 6848K, reserved 1048576K
}
Event: 13.943 GC heap after
{Heap after GC invocations=10 (full 2):
 PSYoungGen      total 153600K, used 20435K [0x00000000f5580000, 0x0000000100000000, 0x0000000100000000)
  eden space 132096K, 0% used [0x00000000f5580000,0x00000000f5580000,0x00000000fd680000)
  from space 21504K, 95% used [0x00000000feb00000,0x00000000ffef4ee0,0x0000000100000000)
  to   space 20992K, 0% used [0x00000000fd680000,0x00000000fd680000,0x00000000feb00000)
 ParOldGen       total 349696K, used 26980K [0x00000000e0000000, 0x00000000f5580000, 0x00000000f5580000)
  object space 349696K, 7% used [0x00000000e0000000,0x00000000e1a59050,0x00000000f5580000)
 Metaspace       used 58427K, committed 59776K, reserved 1114112K
  class space    used 6243K, committed 6848K, reserved 1048576K
}
Event: 13.943 GC heap before
{Heap before GC invocations=11 (full 3):
 PSYoungGen      total 153600K, used 20435K [0x00000000f5580000, 0x0000000100000000, 0x0000000100000000)
  eden space 132096K, 0% used [0x00000000f5580000,0x00000000f5580000,0x00000000fd680000)
  from space 21504K, 95% used [0x00000000feb00000,0x00000000ffef4ee0,0x0000000100000000)
  to   space 20992K, 0% used [0x00000000fd680000,0x00000000fd680000,0x00000000feb00000)
 ParOldGen       total 349696K, used 26980K [0x00000000e0000000, 0x00000000f5580000, 0x00000000f5580000)
  object space 349696K, 7% used [0x00000000e0000000,0x00000000e1a59050,0x00000000f5580000)
 Metaspace       used 58427K, committed 59776K, reserved 1114112K
  class space    used 6243K, committed 6848K, reserved 1048576K
}
Event: 14.024 GC heap after
{Heap after GC invocations=11 (full 3):
 PSYoungGen      total 153600K, used 0K [0x00000000f5580000, 0x0000000100000000, 0x0000000100000000)
  eden space 132096K, 0% used [0x00000000f5580000,0x00000000f5580000,0x00000000fd680000)
  from space 21504K, 0% used [0x00000000feb00000,0x00000000feb00000,0x0000000100000000)
  to   space 20992K, 0% used [0x00000000fd680000,0x00000000fd680000,0x00000000feb00000)
 ParOldGen       total 349696K, used 46340K [0x00000000e0000000, 0x00000000f5580000, 0x00000000f5580000)
  object space 349696K, 13% used [0x00000000e0000000,0x00000000e2d411e8,0x00000000f5580000)
 Metaspace       used 58424K, committed 59776K, reserved 1114112K
  class space    used 6242K, committed 6848K, reserved 1048576K
}

Dll operation events (10 events):
Event: 0.014 Loaded shared library c:\Users\valer\.vscode\extensions\redhat.java-1.54.0-win32-x64\jre\21.0.10-win32-x86_64\bin\java.dll
Event: 0.108 Loaded shared library c:\Users\valer\.vscode\extensions\redhat.java-1.54.0-win32-x64\jre\21.0.10-win32-x86_64\bin\zip.dll
Event: 0.135 Loaded shared library C:\Users\valer\.vscode\extensions\redhat.java-1.54.0-win32-x64\jre\21.0.10-win32-x86_64\bin\instrument.dll
Event: 0.143 Loaded shared library C:\Users\valer\.vscode\extensions\redhat.java-1.54.0-win32-x64\jre\21.0.10-win32-x86_64\bin\net.dll
Event: 0.146 Loaded shared library C:\Users\valer\.vscode\extensions\redhat.java-1.54.0-win32-x64\jre\21.0.10-win32-x86_64\bin\nio.dll
Event: 0.152 Loaded shared library C:\Users\valer\.vscode\extensions\redhat.java-1.54.0-win32-x64\jre\21.0.10-win32-x86_64\bin\zip.dll
Event: 0.182 Loaded shared library C:\Users\valer\.vscode\extensions\redhat.java-1.54.0-win32-x64\jre\21.0.10-win32-x86_64\bin\jimage.dll
Event: 0.273 Loaded shared library c:\Users\valer\.vscode\extensions\redhat.java-1.54.0-win32-x64\jre\21.0.10-win32-x86_64\bin\verify.dll
Event: 1.826 Loaded shared library C:\Users\valer\AppData\Roaming\Code\User\globalStorage\redhat.java\1.54.0\config_win\org.eclipse.equinox.launcher\org.eclipse.equinox.launcher.win32.win32.x86_64_1.3.0.v20260203-2149\eclipse_11919.dll
Event: 6.268 Loaded shared library C:\Users\valer\AppData\Local\Temp\jna-111972238\jna18380429034874230740.dll

Deoptimization events (20 events):
Event: 14.355 Thread 0x0000024060c38da0 DEOPT PACKING pc=0x0000024015f15d30 sp=0x000000788a0fe680
Event: 14.355 Thread 0x0000024060c38da0 DEOPT UNPACKING pc=0x00000240154e6da2 sp=0x000000788a0fe630 mode 2
Event: 14.358 Thread 0x0000024060c38da0 Uncommon trap: trap_request=0xffffffc6 fr.pc=0x0000024015f15ed0 relative=0x0000000000000d90
Event: 14.358 Thread 0x0000024060c38da0 Uncommon trap: reason=bimorphic_or_optimized_type_check action=maybe_recompile pc=0x0000024015f15ed0 method=java.util.Collections$UnmodifiableMap$UnmodifiableEntrySet$1.hasNext()Z @ 4 c2
Event: 14.358 Thread 0x0000024060c38da0 DEOPT PACKING pc=0x0000024015f15ed0 sp=0x000000788a0fe900
Event: 14.358 Thread 0x0000024060c38da0 DEOPT UNPACKING pc=0x00000240154e6da2 sp=0x000000788a0fe850 mode 2
Event: 14.420 Thread 0x0000024060c38da0 Uncommon trap: trap_request=0xffffffbe fr.pc=0x0000024015f15d30 relative=0x0000000000000bf0
Event: 14.420 Thread 0x0000024060c38da0 Uncommon trap: reason=profile_predicate action=maybe_recompile pc=0x0000024015f15d30 method=java.util.concurrent.ConcurrentHashMap.putAll(Ljava/util/Map;)V @ 28 c2
Event: 14.420 Thread 0x0000024060c38da0 DEOPT PACKING pc=0x0000024015f15d30 sp=0x000000788a0fd820
Event: 14.420 Thread 0x0000024060c38da0 DEOPT UNPACKING pc=0x00000240154e6da2 sp=0x000000788a0fd7d0 mode 2
Event: 14.422 Thread 0x0000024060c38da0 Uncommon trap: trap_request=0xffffffbe fr.pc=0x0000024015f15d30 relative=0x0000000000000bf0
Event: 14.422 Thread 0x0000024060c38da0 Uncommon trap: reason=profile_predicate action=maybe_recompile pc=0x0000024015f15d30 method=java.util.concurrent.ConcurrentHashMap.putAll(Ljava/util/Map;)V @ 28 c2
Event: 14.422 Thread 0x0000024060c38da0 DEOPT PACKING pc=0x0000024015f15d30 sp=0x000000788a0fd530
Event: 14.422 Thread 0x0000024060c38da0 DEOPT UNPACKING pc=0x00000240154e6da2 sp=0x000000788a0fd4e0 mode 2
Event: 14.488 Thread 0x0000024060c38da0 DEOPT PACKING pc=0x000002400e8a8925 sp=0x000000788a0fd7d0
Event: 14.488 Thread 0x0000024060c38da0 DEOPT UNPACKING pc=0x00000240154e78e2 sp=0x000000788a0fcd10 mode 0
Event: 14.531 Thread 0x0000024060c38da0 DEOPT PACKING pc=0x000002400eade326 sp=0x000000788a0fc880
Event: 14.531 Thread 0x0000024060c38da0 DEOPT UNPACKING pc=0x00000240154e78e2 sp=0x000000788a0fbd70 mode 0
Event: 15.545 Thread 0x000002406820b440 DEOPT PACKING pc=0x000002400f102d2d sp=0x000000788d1fe180
Event: 15.545 Thread 0x000002406820b440 DEOPT UNPACKING pc=0x00000240154e78e2 sp=0x000000788d1fd798 mode 0

Classes loaded (20 events):
Event: 12.643 Loading class java/util/concurrent/ConcurrentHashMap$KeySpliterator
Event: 12.643 Loading class java/util/concurrent/ConcurrentHashMap$KeySpliterator done
Event: 12.652 Loading class sun/nio/ch/ChannelOutputStream
Event: 12.652 Loading class sun/nio/ch/ChannelOutputStream done
Event: 12.776 Loading class java/util/stream/ReferencePipeline$4
Event: 12.776 Loading class java/util/stream/ReferencePipeline$4 done
Event: 12.777 Loading class java/util/stream/Nodes$IntFixedNodeBuilder
Event: 12.778 Loading class java/util/stream/Node$Builder$OfInt
Event: 12.778 Loading class java/util/stream/Node$Builder$OfInt done
Event: 12.778 Loading class java/util/stream/Nodes$IntArrayNode
Event: 12.778 Loading class java/util/stream/Nodes$IntArrayNode done
Event: 12.778 Loading class java/util/stream/Nodes$IntFixedNodeBuilder done
Event: 12.779 Loading class java/util/stream/ReferencePipeline$4$1
Event: 12.779 Loading class java/util/stream/ReferencePipeline$4$1 done
Event: 14.356 Loading class java/util/stream/DistinctOps
Event: 14.356 Loading class java/util/stream/DistinctOps done
Event: 14.356 Loading class java/util/stream/DistinctOps$1
Event: 14.356 Loading class java/util/stream/DistinctOps$1 done
Event: 14.358 Loading class java/util/stream/DistinctOps$1$2
Event: 14.358 Loading class java/util/stream/DistinctOps$1$2 done

Classes unloaded (9 events):
Event: 7.339 Thread 0x000002400ae02970 Unloading class 0x000002401f1a4800 'java/lang/invoke/LambdaForm$MH+0x000002401f1a4800'
Event: 7.339 Thread 0x000002400ae02970 Unloading class 0x000002401f1a4400 'java/lang/invoke/LambdaForm$MH+0x000002401f1a4400'
Event: 7.339 Thread 0x000002400ae02970 Unloading class 0x000002401f1a4000 'java/lang/invoke/LambdaForm$MH+0x000002401f1a4000'
Event: 7.339 Thread 0x000002400ae02970 Unloading class 0x000002401f1a3c00 'java/lang/invoke/LambdaForm$MH+0x000002401f1a3c00'
Event: 7.339 Thread 0x000002400ae02970 Unloading class 0x000002401f1a3800 'java/lang/invoke/LambdaForm$BMH+0x000002401f1a3800'
Event: 7.339 Thread 0x000002400ae02970 Unloading class 0x000002401f1a3400 'java/lang/invoke/LambdaForm$DMH+0x000002401f1a3400'
Event: 7.339 Thread 0x000002400ae02970 Unloading class 0x000002401f1a2000 'java/lang/invoke/LambdaForm$DMH+0x000002401f1a2000'
Event: 13.957 Thread 0x000002400ae02970 Unloading class 0x000002401f6acc00 'java/lang/invoke/LambdaForm$DMH+0x000002401f6acc00'
Event: 13.957 Thread 0x000002400ae02970 Unloading class 0x000002401f6ac800 'java/lang/invoke/LambdaForm$DMH+0x000002401f6ac800'

Classes redefined (0 events):
No events

Internal exceptions (20 events):
Event: 12.447 Thread 0x0000024060c3a7e0 Exception <a 'java/io/FileNotFoundException'{0x00000000fc6ce838}> (0x00000000fc6ce838) 
thrown [s\src\hotspot\share\prims\jni.cpp, line 520]
Event: 12.448 Thread 0x0000024060c3a7e0 Exception <a 'java/io/FileNotFoundException'{0x00000000fc6cf908}> (0x00000000fc6cf908) 
thrown [s\src\hotspot\share\prims\jni.cpp, line 520]
Event: 12.448 Thread 0x0000024060c3a7e0 Exception <a 'java/io/FileNotFoundException'{0x00000000fc6d0668}> (0x00000000fc6d0668) 
thrown [s\src\hotspot\share\prims\jni.cpp, line 520]
Event: 12.646 Thread 0x0000024060c38da0 Exception <a 'java/lang/NoSuchMethodError'{0x00000000fc94e2f0}: 'java.lang.Object java.lang.invoke.DirectMethodHandle$Holder.newInvokeSpecial(java.lang.Object, java.lang.Object, int, int, java.lang.Object)'> (0x00000000fc94e2f0) 
thrown [s\src\hotspot\share\interpreter\linkResolver.cpp, line 773]
Event: 12.846 Thread 0x00000240682051d0 Exception <a 'java/lang/NoSuchMethodError'{0x00000000f5e04bf0}: 'java.lang.Object java.lang.invoke.DirectMethodHandle$Holder.invokeStatic(java.lang.Object, java.lang.Object, int, java.lang.Object, java.lang.Object)'> (0x00000000f5e04bf0) 
thrown [s\src\hotspot\share\interpreter\linkResolver.cpp, line 773]
Event: 13.507 Thread 0x0000024060c38da0 Exception <a 'sun/nio/fs/WindowsException'{0x00000000f5950248}> (0x00000000f5950248) 
thrown [s\src\hotspot\share\prims\jni.cpp, line 520]
Event: 13.507 Thread 0x0000024060c38da0 Exception <a 'sun/nio/fs/WindowsException'{0x00000000f5950aa0}> (0x00000000f5950aa0) 
thrown [s\src\hotspot\share\prims\jni.cpp, line 520]
Event: 13.537 Thread 0x0000024060c38da0 Exception <a 'java/lang/NoSuchMethodError'{0x00000000f75d1148}: 'java.lang.Object java.lang.invoke.DirectMethodHandle$Holder.invokeInterface(java.lang.Object, java.lang.Object, java.lang.Object, java.lang.Object)'> (0x00000000f75d1148) 
thrown [s\src\hotspot\share\interpreter\linkResolver.cpp, line 773]
Event: 13.738 Thread 0x0000024060c38da0 Exception <a 'java/lang/NoSuchMethodError'{0x00000000f884be28}: 'void java.lang.invoke.DirectMethodHandle$Holder.invokeStatic(java.lang.Object, java.lang.Object, java.lang.Object, int)'> (0x00000000f884be28) 
thrown [s\src\hotspot\share\interpreter\linkResolver.cpp, line 773]
Event: 13.742 Thread 0x0000024060c38da0 Exception <a 'java/lang/NoSuchMethodError'{0x00000000f8871740}: 'void java.lang.invoke.DirectMethodHandle$Holder.invokeVirtual(java.lang.Object, java.lang.Object, int)'> (0x00000000f8871740) 
thrown [s\src\hotspot\share\interpreter\linkResolver.cpp, line 773]
Event: 13.743 Thread 0x0000024060c38da0 Implicit null exception at 0x0000024015db4826 to 0x0000024015db4af0
Event: 13.765 Thread 0x0000024060c38da0 Exception <a 'java/lang/NoSuchMethodError'{0x00000000f89ca650}: 'void java.lang.invoke.DirectMethodHandle$Holder.invokeInterface(java.lang.Object, java.lang.Object)'> (0x00000000f89ca650) 
thrown [s\src\hotspot\share\interpreter\linkResolver.cpp, line 773]
Event: 14.360 Thread 0x0000024060c38da0 Exception <a 'java/lang/NoSuchMethodError'{0x00000000f99e3618}: 'java.lang.Object java.lang.invoke.DirectMethodHandle$Holder.newInvokeSpecial(java.lang.Object, java.lang.Object, int, java.lang.Object, java.lang.Object)'> (0x00000000f99e3618) 
thrown [s\src\hotspot\share\interpreter\linkResolver.cpp, line 773]
Event: 14.366 Thread 0x0000024060c38da0 Exception <a 'java/lang/NoSuchMethodError'{0x00000000f9a0b788}: 'java.lang.Object java.lang.invoke.DirectMethodHandle$Holder.invokeSpecial(java.lang.Object, java.lang.Object, java.lang.Object, int, java.lang.Object, java.lang.Object, java.lang.Object)'> (0x00000000f9a0b788) 
thrown [s\src\hotspot\share\interpreter\linkResolver.cpp, line 773]
Event: 14.393 Thread 0x0000024060c38da0 Exception <a 'java/lang/NoSuchMethodError'{0x00000000f9c3d470}: 'java.lang.Object java.lang.invoke.DirectMethodHandle$Holder.newInvokeSpecial(java.lang.Object, java.lang.Object, int)'> (0x00000000f9c3d470) 
thrown [s\src\hotspot\share\interpreter\linkResolver.cpp, line 773]
Event: 14.415 Thread 0x0000024060c38da0 Exception <a 'java/lang/NoSuchMethodError'{0x00000000f9cf13c8}: 'void java.lang.invoke.DirectMethodHandle$Holder.invokeStatic(java.lang.Object, int)'> (0x00000000f9cf13c8) 
thrown [s\src\hotspot\share\interpreter\linkResolver.cpp, line 773]
Event: 14.495 Thread 0x0000024060c38da0 Exception <a 'java/io/FileNotFoundException'{0x00000000fa1e18f0}> (0x00000000fa1e18f0) 
thrown [s\src\hotspot\share\prims\jni.cpp, line 520]
Event: 14.496 Thread 0x0000024060c38da0 Exception <a 'java/io/FileNotFoundException'{0x00000000fa1e2b88}> (0x00000000fa1e2b88) 
thrown [s\src\hotspot\share\prims\jni.cpp, line 520]
Event: 14.496 Thread 0x0000024060c38da0 Exception <a 'java/io/FileNotFoundException'{0x00000000fa1e3b88}> (0x00000000fa1e3b88) 
thrown [s\src\hotspot\share\prims\jni.cpp, line 520]
Event: 15.545 Thread 0x0000024060c38da0 Exception <a 'java/lang/OutOfMemoryError'{0x00000000fa3ff350}: unable to create native thread: possibly out of memory or process/resource limits reached> (0x00000000fa3ff350) 
thrown [s\src\hotspot\share\prims\jvm.cpp, line 3026]

ZGC Phase Switch (0 events):
No events

VM Operations (20 events):
Event: 13.409 Executing non-safepoint VM operation: HandshakeAllThreads (Deoptimize) done
Event: 13.427 Executing non-safepoint VM operation: HandshakeAllThreads (Deoptimize)
Event: 13.427 Executing non-safepoint VM operation: HandshakeAllThreads (Deoptimize) done
Event: 13.446 Executing safepoint VM operation: ICBufferFull
Event: 13.446 Executing safepoint VM operation: ICBufferFull done
Event: 13.596 Executing safepoint VM operation: ICBufferFull
Event: 13.596 Executing safepoint VM operation: ICBufferFull done
Event: 13.740 Executing safepoint VM operation: ICBufferFull
Event: 13.740 Executing safepoint VM operation: ICBufferFull done
Event: 13.932 Executing safepoint VM operation: CollectForMetadataAllocation (Metadata GC Threshold)
Event: 14.024 Executing safepoint VM operation: CollectForMetadataAllocation (Metadata GC Threshold) done
Event: 14.025 Executing safepoint VM operation: CollectForMetadataAllocation (Metadata GC Threshold)
Event: 14.025 Executing safepoint VM operation: CollectForMetadataAllocation (Metadata GC Threshold) done
Event: 14.290 Executing safepoint VM operation: ICBufferFull
Event: 14.290 Executing safepoint VM operation: ICBufferFull done
Event: 14.358 Executing non-safepoint VM operation: HandshakeAllThreads (Deoptimize)
Event: 14.358 Executing non-safepoint VM operation: HandshakeAllThreads (Deoptimize) done
Event: 14.439 Executing safepoint VM operation: ICBufferFull
Event: 14.440 Executing safepoint VM operation: ICBufferFull done
Event: 16.441 Executing safepoint VM operation: Cleanup

Memory protections (0 events):
No events

Nmethod flushes (20 events):
Event: 13.973 Thread 0x000002400ae02970 flushing  nmethod 0x000002400e8a6f90
Event: 13.973 Thread 0x000002400ae02970 flushing  nmethod 0x000002400e8a7410
Event: 13.973 Thread 0x000002400ae02970 flushing  nmethod 0x000002400e8a7a10
Event: 13.973 Thread 0x000002400ae02970 flushing  nmethod 0x000002400e8a7e10
Event: 13.973 Thread 0x000002400ae02970 flushing  nmethod 0x000002400e8a9390
Event: 13.973 Thread 0x000002400ae02970 flushing  nmethod 0x000002400e8b1610
Event: 13.973 Thread 0x000002400ae02970 flushing  nmethod 0x000002400e8c5a10
Event: 13.973 Thread 0x000002400ae02970 flushing  nmethod 0x000002400e8c5e90
Event: 13.973 Thread 0x000002400ae02970 flushing  nmethod 0x000002400e8c6410
Event: 13.973 Thread 0x000002400ae02970 flushing  nmethod 0x000002400e8c6990
Event: 13.973 Thread 0x000002400ae02970 flushing  nmethod 0x000002400e8c6f90
Event: 13.973 Thread 0x000002400ae02970 flushing  nmethod 0x000002400e8c7810
Event: 13.973 Thread 0x000002400ae02970 flushing  nmethod 0x000002400e8c7d10
Event: 13.973 Thread 0x000002400ae02970 flushing  nmethod 0x000002400e8c8090
Event: 13.973 Thread 0x000002400ae02970 flushing  nmethod 0x000002400e8c9d10
Event: 13.973 Thread 0x000002400ae02970 flushing  nmethod 0x000002400e8ca510
Event: 13.973 Thread 0x000002400ae02970 flushing  nmethod 0x000002400e8cb310
Event: 13.973 Thread 0x000002400ae02970 flushing  nmethod 0x000002400e8cba10
Event: 13.973 Thread 0x000002400ae02970 flushing  nmethod 0x000002400e8cc110
Event: 13.973 Thread 0x000002400ae02970 flushing  nmethod 0x000002400e8f5d10

Events (20 events):
Event: 12.647 Thread 0x0000024060c38da0 Thread added: 0x00000240682072a0
Event: 12.768 Thread 0x0000024060c38da0 Thread added: 0x0000024068207930
Event: 12.900 Thread 0x0000024060c38da0 Thread added: 0x0000024068208ce0
Event: 13.354 Thread 0x0000024060c38da0 Thread added: 0x0000024068209370
Event: 13.458 Thread 0x0000024060c38da0 Thread added: 0x0000024068209a00
Event: 13.458 Thread 0x0000024060c38da0 Thread added: 0x0000024068206c10
Event: 13.770 Thread 0x0000024060c38da0 Thread added: 0x0000024068206580
Event: 13.770 Thread 0x0000024060c38da0 Thread added: 0x000002406820c7f0
Event: 13.770 Thread 0x0000024060c38da0 Thread added: 0x000002406820c160
Event: 13.828 Thread 0x0000024060c38da0 Thread added: 0x000002406820b440
Event: 13.828 Thread 0x0000024060c38da0 Thread added: 0x000002406820bad0
Event: 14.269 Thread 0x000002406820bad0 Thread exited: 0x000002406820bad0
Event: 14.269 Thread 0x0000024068206580 Thread exited: 0x0000024068206580
Event: 14.269 Thread 0x000002406820c7f0 Thread exited: 0x000002406820c7f0
Event: 14.269 Thread 0x000002406820b440 Thread exited: 0x000002406820b440
Event: 14.269 Thread 0x000002406820c160 Thread exited: 0x000002406820c160
Event: 14.536 Thread 0x0000024060c38da0 Thread added: 0x000002406820a720
Event: 14.536 Thread 0x0000024060c38da0 Thread added: 0x000002406820adb0
Event: 14.536 Thread 0x0000024060c38da0 Thread added: 0x000002406820bad0
Event: 14.536 Thread 0x0000024060c38da0 Thread added: 0x000002406820b440


Dynamic libraries:
0x00007ff6c4830000 - 0x00007ff6c483e000 	c:\Users\valer\.vscode\extensions\redhat.java-1.54.0-win32-x64\jre\21.0.10-win32-x86_64\bin\java.exe
0x00007ffd433c0000 - 0x00007ffd43626000 	C:\WINDOWS\SYSTEM32\ntdll.dll
0x00007ffd42310000 - 0x00007ffd423d9000 	C:\WINDOWS\System32\KERNEL32.DLL
0x00007ffd40680000 - 0x00007ffd40a7a000 	C:\WINDOWS\System32\KERNELBASE.dll
0x00007ffd40d30000 - 0x00007ffd40e7c000 	C:\WINDOWS\System32\ucrtbase.dll
0x00007ffd1dfd0000 - 0x00007ffd1dfe8000 	c:\Users\valer\.vscode\extensions\redhat.java-1.54.0-win32-x64\jre\21.0.10-win32-x86_64\bin\jli.dll
0x00007ffd1e0a0000 - 0x00007ffd1e0be000 	c:\Users\valer\.vscode\extensions\redhat.java-1.54.0-win32-x64\jre\21.0.10-win32-x86_64\bin\VCRUNTIME140.dll
0x00007ffd424c0000 - 0x00007ffd42687000 	C:\WINDOWS\System32\USER32.dll
0x00007ffd40650000 - 0x00007ffd40677000 	C:\WINDOWS\System32\win32u.dll
0x00007ffd243d0000 - 0x00007ffd24662000 	C:\WINDOWS\WinSxS\amd64_microsoft.windows.common-controls_6595b64144ccf1df_6.0.26100.8521_none_3e08b75ce33403b3\COMCTL32.dll
0x00007ffd42760000 - 0x00007ffd4278b000 	C:\WINDOWS\System32\GDI32.dll
0x00007ffd42100000 - 0x00007ffd421a9000 	C:\WINDOWS\System32\msvcrt.dll
0x00007ffd40c00000 - 0x00007ffd40d2b000 	C:\WINDOWS\System32\gdi32full.dll
0x00007ffd40e80000 - 0x00007ffd40f23000 	C:\WINDOWS\System32\msvcp_win.dll
0x00007ffd42690000 - 0x00007ffd426c2000 	C:\WINDOWS\System32\IMM32.DLL
0x00007ffd2f880000 - 0x00007ffd2f88c000 	c:\Users\valer\.vscode\extensions\redhat.java-1.54.0-win32-x64\jre\21.0.10-win32-x86_64\bin\vcruntime140_1.dll
0x00007ffc9f450000 - 0x00007ffc9f4dd000 	c:\Users\valer\.vscode\extensions\redhat.java-1.54.0-win32-x64\jre\21.0.10-win32-x86_64\bin\msvcp140.dll
0x00007ffc4d190000 - 0x00007ffc4df31000 	c:\Users\valer\.vscode\extensions\redhat.java-1.54.0-win32-x64\jre\21.0.10-win32-x86_64\bin\server\jvm.dll
0x00007ffd41f40000 - 0x00007ffd41ff6000 	C:\WINDOWS\System32\ADVAPI32.dll
0x00007ffd411c0000 - 0x00007ffd4126a000 	C:\WINDOWS\System32\sechost.dll
0x00007ffd42790000 - 0x00007ffd428a8000 	C:\WINDOWS\System32\RPCRT4.dll
0x00007ffd426d0000 - 0x00007ffd42750000 	C:\WINDOWS\System32\WS2_32.dll
0x00007ffd404b0000 - 0x00007ffd4050e000 	C:\WINDOWS\SYSTEM32\POWRPROF.dll
0x00007ffd296d0000 - 0x00007ffd29706000 	C:\WINDOWS\SYSTEM32\WINMM.dll
0x00007ffd36150000 - 0x00007ffd3615b000 	C:\WINDOWS\SYSTEM32\VERSION.dll
0x00007ffd40490000 - 0x00007ffd404a4000 	C:\WINDOWS\SYSTEM32\UMPDC.dll
0x00007ffd3f3c0000 - 0x00007ffd3f3db000 	C:\WINDOWS\SYSTEM32\kernel.appcore.dll
0x00007ffd22890000 - 0x00007ffd2289a000 	c:\Users\valer\.vscode\extensions\redhat.java-1.54.0-win32-x64\jre\21.0.10-win32-x86_64\bin\jimage.dll
0x00007ffd3dcf0000 - 0x00007ffd3df32000 	C:\WINDOWS\SYSTEM32\DBGHELP.DLL
0x00007ffd42930000 - 0x00007ffd42cb3000 	C:\WINDOWS\System32\combase.dll
0x00007ffd423e0000 - 0x00007ffd424b9000 	C:\WINDOWS\System32\OLEAUT32.dll
0x00007ffd36310000 - 0x00007ffd3634b000 	C:\WINDOWS\SYSTEM32\dbgcore.DLL
0x00007ffd40f30000 - 0x00007ffd40fd8000 	C:\WINDOWS\System32\bcryptPrimitives.dll
0x00007ffd22400000 - 0x00007ffd2240f000 	c:\Users\valer\.vscode\extensions\redhat.java-1.54.0-win32-x64\jre\21.0.10-win32-x86_64\bin\instrument.dll
0x00007ffd17760000 - 0x00007ffd17780000 	c:\Users\valer\.vscode\extensions\redhat.java-1.54.0-win32-x64\jre\21.0.10-win32-x86_64\bin\java.dll
0x00007ffd41270000 - 0x00007ffd419f4000 	C:\WINDOWS\System32\SHELL32.dll
0x00007ffd3e1f0000 - 0x00007ffd3ea70000 	C:\WINDOWS\SYSTEM32\windows.storage.dll
0x00007ffd42000000 - 0x00007ffd420f6000 	C:\WINDOWS\System32\SHCORE.dll
0x00007ffd41150000 - 0x00007ffd411b7000 	C:\WINDOWS\System32\shlwapi.dll
0x00007ffd40570000 - 0x00007ffd40599000 	C:\WINDOWS\SYSTEM32\profapi.dll
0x00007ffd3b640000 - 0x00007ffd3b658000 	c:\Users\valer\.vscode\extensions\redhat.java-1.54.0-win32-x64\jre\21.0.10-win32-x86_64\bin\zip.dll
0x00007ffd3b610000 - 0x00007ffd3b620000 	C:\Users\valer\.vscode\extensions\redhat.java-1.54.0-win32-x64\jre\21.0.10-win32-x86_64\bin\net.dll
0x00007ffd36990000 - 0x00007ffd36ab9000 	C:\WINDOWS\SYSTEM32\WINHTTP.dll
0x00007ffd3f950000 - 0x00007ffd3f9bc000 	C:\WINDOWS\system32\mswsock.dll
0x00007ffd32480000 - 0x00007ffd32496000 	C:\Users\valer\.vscode\extensions\redhat.java-1.54.0-win32-x64\jre\21.0.10-win32-x86_64\bin\nio.dll
0x00007ffd35940000 - 0x00007ffd35950000 	c:\Users\valer\.vscode\extensions\redhat.java-1.54.0-win32-x64\jre\21.0.10-win32-x86_64\bin\verify.dll
0x00007ffcfac20000 - 0x00007ffcfac65000 	C:\Users\valer\AppData\Roaming\Code\User\globalStorage\redhat.java\1.54.0\config_win\org.eclipse.equinox.launcher\org.eclipse.equinox.launcher.win32.win32.x86_64_1.3.0.v20260203-2149\eclipse_11919.dll
0x00007ffd41ce0000 - 0x00007ffd41e78000 	C:\WINDOWS\System32\ole32.dll
0x00007ffd3fc30000 - 0x00007ffd3fc4b000 	C:\WINDOWS\SYSTEM32\CRYPTSP.dll
0x00007ffd3f310000 - 0x00007ffd3f349000 	C:\WINDOWS\system32\rsaenh.dll
0x00007ffd3fa00000 - 0x00007ffd3fa33000 	C:\WINDOWS\SYSTEM32\USERENV.dll
0x00007ffd40540000 - 0x00007ffd4056a000 	C:\WINDOWS\SYSTEM32\bcrypt.dll
0x00007ffd3fc50000 - 0x00007ffd3fc5c000 	C:\WINDOWS\SYSTEM32\CRYPTBASE.dll
0x00007ffd3ede0000 - 0x00007ffd3ee13000 	C:\WINDOWS\SYSTEM32\IPHLPAPI.DLL
0x00007ffd428c0000 - 0x00007ffd428ca000 	C:\WINDOWS\System32\NSI.dll
0x00007ffcfabd0000 - 0x00007ffcfac19000 	C:\Users\valer\AppData\Local\Temp\jna-111972238\jna18380429034874230740.dll
0x00007ffd41c40000 - 0x00007ffd41c48000 	C:\WINDOWS\System32\PSAPI.DLL
0x00007ffd379b0000 - 0x00007ffd379cd000 	C:\WINDOWS\SYSTEM32\dhcpcsvc6.DLL
0x00007ffd36960000 - 0x00007ffd36985000 	C:\WINDOWS\SYSTEM32\dhcpcsvc.DLL

JVMTI agents:
c:\Users\valer\.vscode\extensions\redhat.java-1.54.0-win32-x64\lombok\lombok-1.18.39-4050.jar path:c:\Users\valer\.vscode\extensions\redhat.java-1.54.0-win32-x64\jre\21.0.10-win32-x86_64\bin\instrument.dll, loaded, initialized, instrumentlib options:none

dbghelp: loaded successfully - version: 4.0.5 - missing functions: none
symbol engine: initialized successfully - sym options: 0x614 - pdb path: .;c:\Users\valer\.vscode\extensions\redhat.java-1.54.0-win32-x64\jre\21.0.10-win32-x86_64\bin;C:\WINDOWS\SYSTEM32;C:\WINDOWS\WinSxS\amd64_microsoft.windows.common-controls_6595b64144ccf1df_6.0.26100.8521_none_3e08b75ce33403b3;c:\Users\valer\.vscode\extensions\redhat.java-1.54.0-win32-x64\jre\21.0.10-win32-x86_64\bin\server;C:\Users\valer\AppData\Roaming\Code\User\globalStorage\redhat.java\1.54.0\config_win\org.eclipse.equinox.launcher\org.eclipse.equinox.launcher.win32.win32.x86_64_1.3.0.v20260203-2149;C:\Users\valer\AppData\Local\Temp\jna-111972238

VM Arguments:
jvm_args: --add-modules=ALL-SYSTEM --add-opens=java.base/java.util=ALL-UNNAMED --add-opens=java.base/java.lang=ALL-UNNAMED --add-opens=java.base/sun.nio.fs=ALL-UNNAMED -Declipse.application=org.eclipse.jdt.ls.core.id1 -Dosgi.bundles.defaultStartLevel=4 -Declipse.product=org.eclipse.jdt.ls.core.product -Djava.import.generatesMetadataFilesAtProjectRoot=false -DDetectVMInstallationsJob.disabled=true -Dfile.encoding=utf8 -XX:+UseParallelGC -XX:GCTimeRatio=4 -XX:AdaptiveSizePolicyWeight=90 -Dsun.zip.disableMemoryMapping=true -Xmx2G -Xms100m -Xlog:disable -javaagent:c:\Users\valer\.vscode\extensions\redhat.java-1.54.0-win32-x64\lombok\lombok-1.18.39-4050.jar -XX:+HeapDumpOnOutOfMemoryError -XX:HeapDumpPath=c:\Users\valer\AppData\Roaming\Code\User\workspaceStorage\3fb38b111684ee3380467fac27e5d9e0\redhat.java -Daether.dependencyCollector.impl=bf -Xmx512M -Xms512M 
java_command: c:\Users\valer\.vscode\extensions\redhat.java-1.54.0-win32-x64\server\plugins\org.eclipse.equinox.launcher_1.7.100.v20251111-0406.jar -configuration c:\Users\valer\AppData\Roaming\Code\User\globalStorage\redhat.java\1.54.0\config_win -data c:\Users\valer\AppData\Roaming\Code\User\workspaceStorage\3fb38b111684ee3380467fac27e5d9e0\redhat.java\jdt_ws --pipe=\\.\pipe\lsp-ebc81d42a6e4087dd051b92668740eb3-sock
java_class_path (initial): c:\Users\valer\.vscode\extensions\redhat.java-1.54.0-win32-x64\server\plugins\org.eclipse.equinox.launcher_1.7.100.v20251111-0406.jar
Launcher Type: SUN_STANDARD

[Global flags]
    uintx AdaptiveSizePolicyWeight                 = 90                                        {product} {command line}
     intx CICompilerCount                          = 4                                         {product} {ergonomic}
    uintx GCTimeRatio                              = 4                                         {product} {command line}
     bool HeapDumpOnOutOfMemoryError               = true                                   {manageable} {command line}
    ccstr HeapDumpPath                             = c:\Users\valer\AppData\Roaming\Code\User\workspaceStorage\3fb38b111684ee3380467fac27e5d9e0\redhat.java         {manageable} {command line}
   size_t InitialHeapSize                          = 536870912                                 {product} {command line}
   size_t MaxHeapSize                              = 536870912                                 {product} {command line}
   size_t MaxNewSize                               = 178782208                                 {product} {ergonomic}
   size_t MinHeapDeltaBytes                        = 524288                                    {product} {ergonomic}
   size_t MinHeapSize                              = 536870912                                 {product} {command line}
   size_t NewSize                                  = 178782208                                 {product} {ergonomic}
    uintx NonNMethodCodeHeapSize                   = 5839372                                {pd product} {ergonomic}
    uintx NonProfiledCodeHeapSize                  = 122909434                              {pd product} {ergonomic}
   size_t OldSize                                  = 358088704                                 {product} {ergonomic}
    uintx ProfiledCodeHeapSize                     = 122909434                              {pd product} {ergonomic}
    uintx ReservedCodeCacheSize                    = 251658240                              {pd product} {ergonomic}
     bool SegmentedCodeCache                       = true                                      {product} {ergonomic}
   size_t SoftMaxHeapSize                          = 536870912                              {manageable} {ergonomic}
     bool UseCompressedOops                        = true                           {product lp64_product} {ergonomic}
     bool UseLargePagesIndividualAllocation        = false                                  {pd product} {ergonomic}
     bool UseParallelGC                            = true                                      {product} {command line}

Logging:
Log output configuration:
 #0: stdout all=off uptime,level,tags foldmultilines=false
 #1: stderr all=off uptime,level,tags foldmultilines=false

Release file:
JAVA_VERSION="21.0.10" 
MODULES="java.base java.compiler java.datatransfer java.xml java.prefs java.desktop java.instrument java.logging java.management java.security.sasl java.naming java.rmi java.management.rmi java.net.http java.scripting java.security.jgss java.transaction.xa java.sql java.sql.rowset java.xml.crypto java.se java.smartcardio jdk.accessibility jdk.internal.jvmstat jdk.attach jdk.charsets jdk.internal.opt jdk.zipfs jdk.compiler jdk.crypto.ec jdk.crypto.cryptoki jdk.crypto.mscapi jdk.dynalink jdk.internal.ed jdk.editpad jdk.hotspot.agent jdk.httpserver jdk.internal.le jdk.internal.vm.ci jdk.internal.vm.compiler jdk.internal.vm.compiler.management jdk.jartool jdk.javadoc jdk.jcmd jdk.management jdk.management.agent jdk.jconsole jdk.jdeps jdk.jdwp.agent jdk.jdi jdk.jfr jdk.jshell jdk.jsobject jdk.jstatd jdk.localedata jdk.management.jfr jdk.naming.dns jdk.naming.rmi jdk.net jdk.nio.mapmode jdk.random jdk.sctp jdk.security.auth jdk.security.jgss jdk.unsupported jdk.unsupported.desktop jdk.xml.dom" 

Environment Variables:
JAVA_HOME=C:\Program Files\OpenJDK\jdk-23.0.1\jdk-23.0.1
_JAVA_OPTIONS=-Xmx512M -Xms512M
PATH=C:\windows\system32;C:\windows;C:\windows\System32\Wbem;C:\windows\System32\WindowsPowerShell\v1.0\;C:\windows\System32\OpenSSH\;C:\Program Files (x86)\NVIDIA Corporation\PhysX\Common;c:\MinGW\bin;C:\WINDOWS\system32;C:\WINDOWS;C:\WINDOWS\System32\Wbem;C:\WINDOWS\System32\WindowsPowerShell\v1.0\;C:\WINDOWS\System32\OpenSSH\;C:\Program Files\OpenJDK\jdk-23.0.1\jdk-23.0.1\bin;C:\Program Files\Docker\Docker\resources\bin;C:\Program Files\Git\cmd;C:\spark\spark-3.5.3-bin-hadoop3\sbin;C:\spark\spark-3.5.3-bin-hadoop3\bin;C:\WINDOWS\system32;C:\WINDOWS;C:\WINDOWS\System32\Wbem;C:\WINDOWS\System32\WindowsPowerShell\v1.0\;C:\WINDOWS\System32\OpenSSH\;C:\Program Files (x86)\Windows Kits\10\Windows Performance Toolkit\;C:\Program Files\NVIDIA Corporation\NVIDIA App\NvDLISR;C:\Users\valer\AppData\Local\Programs\Python\Python39-32\Scripts\;C:\Users\valer\AppData\Local\Programs\Python\Python39-32\;C:\Users\valer\AppData\Local\Microsoft\WindowsApps;C:\texlive\2023\bin\windows;C:\Users\valer\AppData\Local\Programs\Microsoft VS Code\bin;C:\Program Files\Java\jdk1.8.0_202\bin;C:\Program Files\dlv2;C:\Program Files\apache-maven-3.9.16\bin;
USERNAME=valer
OS=Windows_NT
PROCESSOR_IDENTIFIER=Intel64 Family 6 Model 126 Stepping 5, GenuineIntel
TMP=C:\Users\valer\AppData\Local\Temp
TEMP=C:\Users\valer\AppData\Local\Temp




Periodic native trim disabled

---------------  S Y S T E M  ---------------

OS:
 Windows 11 , 64 bit Build 26100 (10.0.26100.8521)
OS uptime: 9 days 15:12 hours
Hyper-V role detected

CPU: total 8 (initial active 8) (4 cores per cpu, 2 threads per core) family 6 model 126 stepping 5 microcode 0xa0, cx8, cmov, fxsr, ht, mmx, 3dnowpref, sse, sse2, sse3, ssse3, sse4.1, sse4.2, popcnt, lzcnt, tsc, tscinvbit, avx, avx2, aes, erms, clmul, bmi1, bmi2, adx, avx512f, avx512dq, avx512cd, avx512bw, avx512vl, sha, fma, vzeroupper, avx512_vpopcntdq, avx512_vpclmulqdq, avx512_vaes, avx512_vnni, clflush, clflushopt, avx512_vbmi2, avx512_vbmi, hv, rdtscp, rdpid, fsrm, gfni, avx512_bitalg, f16c, avx512_ifma
Processor Information for the first 8 processors :
  Max Mhz: 1498, Current Mhz: 1298, Mhz Limit: 1288

Memory: 4k page, system-wide physical 16161M (5743M free)
TotalPageFile size 65313M (AvailPageFile size 17M)
current process WorkingSet (physical memory assigned to process): 441M, peak: 453M
current process commit charge ("private bytes"): 759M, peak: 771M

vm_info: OpenJDK 64-Bit Server VM (21.0.10+7-LTS) for windows-amd64 JRE (21.0.10+7-LTS), built on 2026-01-20T00:00:00Z by "admin" with MS VC++ 17.12 (VS2022)

END.
