#
# There is insufficient memory for the Java Runtime Environment to continue.
# Native memory allocation (malloc) failed to allocate 1769168 bytes. Error detail: Chunk::new
# Possible reasons:
#   The system is out of physical RAM or swap space
#   This process is running with CompressedOops enabled, and the Java Heap may be blocking the growth of the native heap
# Possible solutions:
#   Reduce memory load on the system
#   Increase physical memory or swap space
#   Check if swap backing store is full
#   Decrease Java heap size (-Xmx/-Xms)
#   Decrease number of Java threads
#   Decrease Java thread stack sizes (-Xss)
#   Set larger code cache with -XX:ReservedCodeCacheSize=
#   JVM is running with Unscaled Compressed Oops mode in which the Java heap is
#     placed in the first 4GB address space. The Java Heap base address is the
#     maximum limit for the native heap growth. Please use -XX:HeapBaseMinAddress
#     to set the Java Heap base and to place the Java Heap above 4GB virtual address.
# This output file may be truncated or incomplete.
#
#  Out of Memory Error (arena.cpp:168), pid=30788, tid=41828
#
# JRE version: OpenJDK Runtime Environment Temurin-21.0.10+7 (21.0.10+7) (build 21.0.10+7-LTS)
# Java VM: OpenJDK 64-Bit Server VM Temurin-21.0.10+7 (21.0.10+7-LTS, mixed mode, sharing, tiered, compressed oops, compressed class ptrs, parallel gc, windows-amd64)
# No core dump will be written. Minidumps are not enabled by default on client versions of Windows
#

---------------  S U M M A R Y ------------

Command Line: --add-modules=ALL-SYSTEM --add-opens=java.base/java.util=ALL-UNNAMED --add-opens=java.base/java.lang=ALL-UNNAMED --add-opens=java.base/sun.nio.fs=ALL-UNNAMED -Declipse.application=org.eclipse.jdt.ls.core.id1 -Dosgi.bundles.defaultStartLevel=4 -Declipse.product=org.eclipse.jdt.ls.core.product -Djava.import.generatesMetadataFilesAtProjectRoot=false -DDetectVMInstallationsJob.disabled=true -Dfile.encoding=utf8 -XX:+UseParallelGC -XX:GCTimeRatio=4 -XX:AdaptiveSizePolicyWeight=90 -Dsun.zip.disableMemoryMapping=true -Xmx2G -Xms100m -Xlog:disable -javaagent:c:\Users\valer\.vscode\extensions\redhat.java-1.54.0-win32-x64\lombok\lombok-1.18.39-4050.jar -XX:+HeapDumpOnOutOfMemoryError -XX:HeapDumpPath=c:\Users\valer\AppData\Roaming\Code\User\workspaceStorage\3fb38b111684ee3380467fac27e5d9e0\redhat.java -Daether.dependencyCollector.impl=bf -Xmx512M -Xms512M c:\Users\valer\.vscode\extensions\redhat.java-1.54.0-win32-x64\server\plugins\org.eclipse.equinox.launcher_1.7.100.v20251111-0406.jar -configuration c:\Users\valer\AppData\Roaming\Code\User\globalStorage\redhat.java\1.54.0\config_win -data c:\Users\valer\AppData\Roaming\Code\User\workspaceStorage\3fb38b111684ee3380467fac27e5d9e0\redhat.java\jdt_ws --pipe=\\.\pipe\lsp-1be6e8cfeb30aceaaf9e7077ee75e9bf-sock

Host: Intel(R) Core(TM) i7-1065G7 CPU @ 1.30GHz, 8 cores, 15G,  Windows 11 , 64 bit Build 26100 (10.0.26100.8521)
Time: Sat Jun 20 18:49:55 2026 ora legale Europa occidentale elapsed time: 1631.518774 seconds (0d 0h 27m 11s)

---------------  T H R E A D  ---------------

Current thread (0x00000224fb0207f0):  JavaThread "C2 CompilerThread0" daemon [_thread_in_native, id=41828, stack(0x0000006a68400000,0x0000006a68500000) (1024K)]


Current CompileTask:
C2:1631518 18846   !   4       org.eclipse.jdt.internal.compiler.classfmt.ClassFileReader::<init> (1968 bytes)

Stack: [0x0000006a68400000,0x0000006a68500000]
Native frames: (J=compiled Java code, j=interpreted, Vv=VM code, C=native code)
V  [jvm.dll+0x6d7a39]
V  [jvm.dll+0x8b4b26]
V  [jvm.dll+0x8b70de]
V  [jvm.dll+0x8b77c3]
V  [jvm.dll+0x284346]
V  [jvm.dll+0xc66ed]
V  [jvm.dll+0xc6c31]
V  [jvm.dll+0x3bec3b]
V  [jvm.dll+0x38b162]
V  [jvm.dll+0x38a5aa]
V  [jvm.dll+0x24c560]
V  [jvm.dll+0x24bb40]
V  [jvm.dll+0x1cb34e]
V  [jvm.dll+0x25b85d]
V  [jvm.dll+0x259dea]
V  [jvm.dll+0x3f857e]
V  [jvm.dll+0x85f59d]
V  [jvm.dll+0x6d626d]
C  [ucrtbase.dll+0x2cd30]
C  [KERNEL32.DLL+0x2e957]
C  [ntdll.dll+0x87c1c]


---------------  P R O C E S S  ---------------

Threads class SMR info:
_java_thread_list=0x00000224fd15f450, length=39, elements={
0x00000224eeeba470, 0x00000224f145ccf0, 0x00000224f1115250, 0x00000224f111a0c0,
0x00000224f111ad20, 0x00000224f1120e70, 0x00000224f1131790, 0x00000224fb0207f0,
0x00000224fb0216c0, 0x00000224fb23d230, 0x00000224fb339e60, 0x00000224fbcc11c0,
0x00000224fbc92030, 0x00000224fb394600, 0x00000224fb395040, 0x00000224fbe5e5a0,
0x00000224fbfd0630, 0x00000224fb4ab200, 0x00000224fb2116e0, 0x00000224fb211050,
0x00000224fb20e260, 0x00000224fb20fca0, 0x00000224fb2109c0, 0x00000224fb20ef80,
0x00000224fb197de0, 0x00000224fb1970c0, 0x00000224fb195d10, 0x00000224fb197750,
0x00000224fb1963a0, 0x00000224fb198470, 0x00000224fb198b00, 0x00000224fb19abd0,
0x00000224fb19bf80, 0x00000224d02d0280, 0x00000224d02d0fa0, 0x00000224d02cad30,
0x00000224d02cba50, 0x00000224fe24b5f0, 0x00000224d4a415e0
}

Java Threads: ( => current thread )
  0x00000224eeeba470 JavaThread "main"                              [_thread_blocked, id=26864, stack(0x0000006a67a00000,0x0000006a67b00000) (1024K)]
  0x00000224f145ccf0 JavaThread "Reference Handler"          daemon [_thread_blocked, id=41868, stack(0x0000006a67e00000,0x0000006a67f00000) (1024K)]
  0x00000224f1115250 JavaThread "Finalizer"                  daemon [_thread_blocked, id=23160, stack(0x0000006a67f00000,0x0000006a68000000) (1024K)]
  0x00000224f111a0c0 JavaThread "Signal Dispatcher"          daemon [_thread_blocked, id=33868, stack(0x0000006a68000000,0x0000006a68100000) (1024K)]
  0x00000224f111ad20 JavaThread "Attach Listener"            daemon [_thread_blocked, id=30700, stack(0x0000006a68100000,0x0000006a68200000) (1024K)]
  0x00000224f1120e70 JavaThread "Service Thread"             daemon [_thread_blocked, id=41904, stack(0x0000006a68200000,0x0000006a68300000) (1024K)]
  0x00000224f1131790 JavaThread "Monitor Deflation Thread"   daemon [_thread_blocked, id=28552, stack(0x0000006a68300000,0x0000006a68400000) (1024K)]
=>0x00000224fb0207f0 JavaThread "C2 CompilerThread0"         daemon [_thread_in_native, id=41828, stack(0x0000006a68400000,0x0000006a68500000) (1024K)]
  0x00000224fb0216c0 JavaThread "C1 CompilerThread0"         daemon [_thread_blocked, id=37232, stack(0x0000006a68500000,0x0000006a68600000) (1024K)]
  0x00000224fb23d230 JavaThread "Common-Cleaner"             daemon [_thread_blocked, id=41820, stack(0x0000006a68600000,0x0000006a68700000) (1024K)]
  0x00000224fb339e60 JavaThread "Notification Thread"        daemon [_thread_blocked, id=35952, stack(0x0000006a68700000,0x0000006a68800000) (1024K)]
  0x00000224fbcc11c0 JavaThread "Active Thread: Equinox Container: 31a2c0af-ef1f-4d21-878c-c18697a28eb6"        [_thread_blocked, id=27452, stack(0x0000006a68a00000,0x0000006a68b00000) (1024K)]
  0x00000224fbc92030 JavaThread "Refresh Thread: Equinox Container: 31a2c0af-ef1f-4d21-878c-c18697a28eb6" daemon [_thread_blocked, id=10564, stack(0x0000006a68800000,0x0000006a68900000) (1024K)]
  0x00000224fb394600 JavaThread "Framework Event Dispatcher: Equinox Container: 31a2c0af-ef1f-4d21-878c-c18697a28eb6" daemon [_thread_blocked, id=34440, stack(0x0000006a68900000,0x0000006a68a00000) (1024K)]
  0x00000224fb395040 JavaThread "Start Level: Equinox Container: 31a2c0af-ef1f-4d21-878c-c18697a28eb6" daemon [_thread_blocked, id=5708, stack(0x0000006a68b00000,0x0000006a68c00000) (1024K)]
  0x00000224fbe5e5a0 JavaThread "Bundle File Closer"         daemon [_thread_blocked, id=30436, stack(0x0000006a68d00000,0x0000006a68e00000) (1024K)]
  0x00000224fbfd0630 JavaThread "SCR Component Actor"        daemon [_thread_blocked, id=37724, stack(0x0000006a68c00000,0x0000006a68d00000) (1024K)]
  0x00000224fb4ab200 JavaThread "Worker-JM"                         [_thread_blocked, id=40272, stack(0x0000006a69700000,0x0000006a69800000) (1024K)]
  0x00000224fb2116e0 JavaThread "Worker-0"                          [_thread_blocked, id=35552, stack(0x0000006a69800000,0x0000006a69900000) (1024K)]
  0x00000224fb211050 JavaThread "Java indexing"              daemon [_thread_blocked, id=22600, stack(0x0000006a69a00000,0x0000006a69b00000) (1024K)]
  0x00000224fb20e260 JavaThread "JNA Cleaner"                daemon [_thread_blocked, id=39812, stack(0x0000006a69b00000,0x0000006a69c00000) (1024K)]
  0x00000224fb20fca0 JavaThread "Thread-1"                   daemon [_thread_in_native, id=14952, stack(0x0000006a6a000000,0x0000006a6a100000) (1024K)]
  0x00000224fb2109c0 JavaThread "Thread-2"                   daemon [_thread_in_native, id=39900, stack(0x0000006a6a100000,0x0000006a6a200000) (1024K)]
  0x00000224fb20ef80 JavaThread "Thread-3"                   daemon [_thread_in_native, id=2808, stack(0x0000006a6a200000,0x0000006a6a300000) (1024K)]
  0x00000224fb197de0 JavaThread "Thread-4"                   daemon [_thread_in_native, id=29532, stack(0x0000006a6a300000,0x0000006a6a400000) (1024K)]
  0x00000224fb1970c0 JavaThread "Thread-5"                   daemon [_thread_in_native, id=25184, stack(0x0000006a6a400000,0x0000006a6a500000) (1024K)]
  0x00000224fb195d10 JavaThread "Thread-6"                   daemon [_thread_in_native, id=38084, stack(0x0000006a6a500000,0x0000006a6a600000) (1024K)]
  0x00000224fb197750 JavaThread "Thread-7"                   daemon [_thread_in_native, id=9684, stack(0x0000006a6a600000,0x0000006a6a700000) (1024K)]
  0x00000224fb1963a0 JavaThread "Thread-8"                   daemon [_thread_in_native, id=24740, stack(0x0000006a6a700000,0x0000006a6a800000) (1024K)]
  0x00000224fb198470 JavaThread "Thread-9"                   daemon [_thread_in_native, id=24528, stack(0x0000006a6a800000,0x0000006a6a900000) (1024K)]
  0x00000224fb198b00 JavaThread "pool-2-thread-1"                   [_thread_blocked, id=4656, stack(0x0000006a6aa00000,0x0000006a6ab00000) (1024K)]
  0x00000224fb19abd0 JavaThread "WorkspaceEventsHandler"            [_thread_blocked, id=41456, stack(0x0000006a6ad00000,0x0000006a6ae00000) (1024K)]
  0x00000224fb19bf80 JavaThread "pool-1-thread-1"                   [_thread_blocked, id=29036, stack(0x0000006a6ae00000,0x0000006a6af00000) (1024K)]
  0x00000224d02d0280 JavaThread "Cleaner-0"                  daemon [_thread_blocked, id=36500, stack(0x0000006a69c00000,0x0000006a69d00000) (1024K)]
  0x00000224d02d0fa0 JavaThread "Worker-7: Publish Diagnostics"        [_thread_in_Java, id=39384, stack(0x0000006a69900000,0x0000006a69a00000) (1024K)]
  0x00000224d02cad30 JavaThread "ForkJoinPool.commonPool-worker-18" daemon [_thread_blocked, id=40988, stack(0x0000006a67700000,0x0000006a67800000) (1024K)]
  0x00000224d02cba50 JavaThread "ForkJoinPool.commonPool-worker-19" daemon [_thread_blocked, id=14604, stack(0x0000006a67800000,0x0000006a67900000) (1024K)]
  0x00000224fe24b5f0 JavaThread "C2 CompilerThread1"         daemon [_thread_in_native, id=33540, stack(0x0000006a67900000,0x0000006a67a00000) (1024K)]
  0x00000224d4a415e0 JavaThread "C2 CompilerThread2"         daemon [_thread_in_native, id=21776, stack(0x0000006a68e00000,0x0000006a68f00000) (1024K)]
Total: 39

Other Threads:
  0x00000224f14429d0 VMThread "VM Thread"                           [id=21128, stack(0x0000006a67d00000,0x0000006a67e00000) (1024K)]
  0x00000224f1411810 WatcherThread "VM Periodic Task Thread"        [id=11888, stack(0x0000006a67c00000,0x0000006a67d00000) (1024K)]
  0x00000224f13c1fd0 WorkerThread "GC Thread#0"                     [id=39628, stack(0x0000006a67b00000,0x0000006a67c00000) (1024K)]
  0x00000224fc2ed5e0 WorkerThread "GC Thread#1"                     [id=38080, stack(0x0000006a69000000,0x0000006a69100000) (1024K)]
  0x00000224fc2ec370 WorkerThread "GC Thread#2"                     [id=5812, stack(0x0000006a69100000,0x0000006a69200000) (1024K)]
  0x00000224fc2ec720 WorkerThread "GC Thread#3"                     [id=31612, stack(0x0000006a69200000,0x0000006a69300000) (1024K)]
  0x00000224fc2ed230 WorkerThread "GC Thread#4"                     [id=10016, stack(0x0000006a69300000,0x0000006a69400000) (1024K)]
  0x00000224fc2ecad0 WorkerThread "GC Thread#5"                     [id=30996, stack(0x0000006a69400000,0x0000006a69500000) (1024K)]
  0x00000224fc2ece80 WorkerThread "GC Thread#6"                     [id=27148, stack(0x0000006a69500000,0x0000006a69600000) (1024K)]
  0x00000224fc2ebfc0 WorkerThread "GC Thread#7"                     [id=12232, stack(0x0000006a69600000,0x0000006a69700000) (1024K)]
Total: 10

Threads with active compile tasks:
C2 CompilerThread0  1631595 18846   !   4       org.eclipse.jdt.internal.compiler.classfmt.ClassFileReader::<init> (1968 bytes)
C1 CompilerThread0  1631595 18870       3       org.eclipse.jdt.internal.compiler.parser.SourceTypeConverter::convert (1127 bytes)
C2 CompilerThread1  1631595 18861       4       org.eclipse.jdt.internal.compiler.lookup.LookupEnvironment::fromSplitPackageOrOracle (89 bytes)
C2 CompilerThread2  1631595 18862       4       org.eclipse.jdt.internal.compiler.codegen.StackMapFrame::addStackItem (97 bytes)
Total: 4

VM state: not at safepoint (normal execution)

VM Mutex/Monitor currently owned by a thread: None

Heap address: 0x00000000e0000000, size: 512 MB, Compressed Oops mode: 32-bit

CDS archive(s) mapped at: [0x000002248f000000-0x000002248fba0000-0x000002248fba0000), size 12189696, SharedBaseAddress: 0x000002248f000000, ArchiveRelocationMode: 1.
Compressed class space mapped at: 0x0000022490000000-0x00000224d0000000, reserved size: 1073741824
Narrow klass base: 0x000002248f000000, Narrow klass shift: 0, Narrow klass range: 0x100000000

GC Precious Log:
 CardTable entry size: 512
 CPUs: 8 total, 8 available
 Memory: 16161M
 Large Page Support: Disabled
 NUMA Support: Disabled
 Compressed Oops: Enabled (32-bit)
 Alignments: Space 512K, Generation 512K, Heap 2M
 Heap Min Capacity: 512M
 Heap Initial Capacity: 512M
 Heap Max Capacity: 512M
 Pre-touch: Disabled
 Parallel Workers: 8

Heap:
 PSYoungGen      total 167424K, used 37048K [0x00000000f5580000, 0x0000000100000000, 0x0000000100000000)
  eden space 161792K, 19% used [0x00000000f5580000,0x00000000f7465108,0x00000000ff380000)
  from space 5632K, 96% used [0x00000000ff380000,0x00000000ff8c8f80,0x00000000ff900000)
  to   space 5632K, 0% used [0x00000000ffa80000,0x00000000ffa80000,0x0000000100000000)
 ParOldGen       total 349696K, used 238984K [0x00000000e0000000, 0x00000000f5580000, 0x00000000f5580000)
  object space 349696K, 68% used [0x00000000e0000000,0x00000000ee962358,0x00000000f5580000)
 Metaspace       used 82702K, committed 84544K, reserved 1179648K
  class space    used 8588K, committed 9408K, reserved 1048576K

Card table byte_map: [0x00000224f0d40000,0x00000224f0e50000] _byte_map_base: 0x00000224f0640000

Marking Bits: (ParMarkBitMap*) 0x00007ffc4de53450
 Begin Bits: [0x00000224f45a0000, 0x00000224f4da0000)
 End Bits:   [0x00000224f4da0000, 0x00000224f55a0000)

Polling page: 0x00000224ef170000

Metaspace:

Usage:
  Non-class:     72.38 MB used.
      Class:      8.39 MB used.
       Both:     80.76 MB used.

Virtual space:
  Non-class space:      128.00 MB reserved,      73.38 MB ( 57%) committed,  2 nodes.
      Class space:        1.00 GB reserved,       9.19 MB ( <1%) committed,  1 nodes.
             Both:        1.12 GB reserved,      82.56 MB (  7%) committed. 

Chunk freelists:
   Non-Class:  6.59 MB
       Class:  6.79 MB
        Both:  13.38 MB

MaxMetaspaceSize: unlimited
CompressedClassSpaceSize: 1.00 GB
Initial GC threshold: 21.00 MB
Current GC threshold: 122.81 MB
CDS: on
 - commit_granule_bytes: 65536.
 - commit_granule_words: 8192.
 - virtual_space_node_default_size: 8388608.
 - enlarge_chunks_in_place: 1.
 - use_allocation_guard: 0.


Internal statistics:

num_allocs_failed_limit: 9.
num_arena_births: 1588.
num_arena_deaths: 26.
num_vsnodes_births: 3.
num_vsnodes_deaths: 0.
num_space_committed: 1321.
num_space_uncommitted: 0.
num_chunks_returned_to_freelist: 39.
num_chunks_taken_from_freelist: 5478.
num_chunk_merges: 18.
num_chunk_splits: 3324.
num_chunks_enlarged: 1888.
num_inconsistent_stats: 0.

CodeHeap 'non-profiled nmethods': size=120000Kb used=17101Kb max_used=17101Kb free=102899Kb
 bounds [0x0000022487ad0000, 0x0000022488b90000, 0x000002248f000000]
CodeHeap 'profiled nmethods': size=120000Kb used=40909Kb max_used=40909Kb free=79090Kb
 bounds [0x0000022480000000, 0x0000022482800000, 0x0000022487530000]
CodeHeap 'non-nmethods': size=5760Kb used=1533Kb max_used=1606Kb free=4226Kb
 bounds [0x0000022487530000, 0x00000224877a0000, 0x0000022487ad0000]
CodeCache: size=245760Kb, used=59543Kb, max_used=59616Kb, free=186215Kb
 total_blobs=17944, nmethods=17105, adapters=740, full_count=0
Compilation: enabled, stopped_count=0, restarted_count=0

Compilation events (20 events):
Event: 1630.397 Thread 0x00000224fe24b5f0 18852       4       java.util.stream.Streams$ConcatSpliterator::estimateSize (51 bytes)
Event: 1630.403 Thread 0x00000224fb0216c0 18857       3       org.eclipse.jdt.internal.compiler.ast.BinaryExpression::optimizedBooleanConstant (19 bytes)
Event: 1630.403 Thread 0x00000224fe24b5f0 nmethod 18852 0x0000022488b7b290 code [0x0000022488b7b440, 0x0000022488b7b6c8]
Event: 1630.403 Thread 0x00000224fe24b5f0 18856       4       org.eclipse.jdt.internal.compiler.ast.ASTNode::isMethodUseDeprecated (193 bytes)
Event: 1630.404 Thread 0x00000224fb0216c0 nmethod 18857 0x00000224827f1010 code [0x00000224827f11a0, 0x00000224827f12f0]
Event: 1630.411 Thread 0x00000224fe24b5f0 nmethod 18856 0x0000022488b7b910 code [0x0000022488b7bae0, 0x0000022488b7bd88]
Event: 1630.411 Thread 0x00000224fe24b5f0 18858       4       org.eclipse.jdt.internal.compiler.ast.MessageSend::analyseCode (992 bytes)
Event: 1630.443 Thread 0x00000224fb0216c0 18864       3       org.eclipse.jdt.internal.compiler.lookup.ModuleBinding::recordOpensRestrictions (110 bytes)
Event: 1630.445 Thread 0x00000224fb0216c0 nmethod 18864 0x00000224827f1390 code [0x00000224827f15c0, 0x00000224827f1dd8]
Event: 1630.446 Thread 0x00000224fb0216c0 18865       3       org.eclipse.jdt.internal.compiler.ast.IfStatement::<init> (58 bytes)
Event: 1630.446 Thread 0x00000224d4a415e0 18866       4       org.eclipse.jdt.internal.compiler.ast.Statement::<init> (5 bytes)
Event: 1630.448 Thread 0x00000224d4a415e0 nmethod 18866 0x0000022488b7c090 code [0x0000022488b7c220, 0x0000022488b7c2b0]
Event: 1630.448 Thread 0x00000224d4a415e0 18860       4       org.eclipse.jdt.internal.compiler.lookup.LookupEnvironment$$Lambda/0x00000224907c0518::apply (20 bytes)
Event: 1630.449 Thread 0x00000224fb0216c0 nmethod 18865 0x00000224827f2110 code [0x00000224827f22c0, 0x00000224827f2668]
Event: 1630.449 Thread 0x00000224fb0216c0 18868       3       org.eclipse.jdt.internal.compiler.ast.LambdaExpression::setArguments (130 bytes)
Event: 1630.452 Thread 0x00000224fb0216c0 nmethod 18868 0x00000224827f2810 code [0x00000224827f2a00, 0x00000224827f3200]
Event: 1630.452 Thread 0x00000224fb0216c0 18869       1       org.eclipse.jdt.internal.compiler.ast.LambdaExpression::setArrowPosition (6 bytes)
Event: 1630.452 Thread 0x00000224fb0216c0 nmethod 18869 0x0000022488b7c390 code [0x0000022488b7c520, 0x0000022488b7c5e8]
Event: 1630.452 Thread 0x00000224fb0216c0 18867       1       org.eclipse.jdt.internal.compiler.parser.Parser::isAssistParser (2 bytes)
Event: 1630.452 Thread 0x00000224fb0216c0 nmethod 18867 0x0000022488b7c690 code [0x0000022488b7c820, 0x0000022488b7c8e8]

GC Heap History (20 events):
Event: 53.385 GC heap before
{Heap before GC invocations=35 (full 4):
 PSYoungGen      total 169984K, used 169971K [0x00000000f5580000, 0x0000000100000000, 0x0000000100000000)
  eden space 166912K, 100% used [0x00000000f5580000,0x00000000ff880000,0x00000000ff880000)
  from space 3072K, 99% used [0x00000000ff880000,0x00000000ffb7cc80,0x00000000ffb80000)
  to   space 4096K, 0% used [0x00000000ffc00000,0x00000000ffc00000,0x0000000100000000)
 ParOldGen       total 349696K, used 212832K [0x00000000e0000000, 0x00000000f5580000, 0x00000000f5580000)
  object space 349696K, 60% used [0x00000000e0000000,0x00000000ecfd80d8,0x00000000f5580000)
 Metaspace       used 73881K, committed 75456K, reserved 1179648K
  class space    used 7822K, committed 8512K, reserved 1048576K
}
Event: 53.389 GC heap after
{Heap after GC invocations=35 (full 4):
 PSYoungGen      total 165376K, used 4089K [0x00000000f5580000, 0x0000000100000000, 0x0000000100000000)
  eden space 161280K, 0% used [0x00000000f5580000,0x00000000f5580000,0x00000000ff300000)
  from space 4096K, 99% used [0x00000000ffc00000,0x00000000ffffe480,0x0000000100000000)
  to   space 6656K, 0% used [0x00000000ff300000,0x00000000ff300000,0x00000000ff980000)
 ParOldGen       total 349696K, used 214704K [0x00000000e0000000, 0x00000000f5580000, 0x00000000f5580000)
  object space 349696K, 61% used [0x00000000e0000000,0x00000000ed1ac0d8,0x00000000f5580000)
 Metaspace       used 73881K, committed 75456K, reserved 1179648K
  class space    used 7822K, committed 8512K, reserved 1048576K
}
Event: 53.929 GC heap before
{Heap before GC invocations=36 (full 4):
 PSYoungGen      total 165376K, used 165369K [0x00000000f5580000, 0x0000000100000000, 0x0000000100000000)
  eden space 161280K, 100% used [0x00000000f5580000,0x00000000ff300000,0x00000000ff300000)
  from space 4096K, 99% used [0x00000000ffc00000,0x00000000ffffe480,0x0000000100000000)
  to   space 6656K, 0% used [0x00000000ff300000,0x00000000ff300000,0x00000000ff980000)
 ParOldGen       total 349696K, used 214704K [0x00000000e0000000, 0x00000000f5580000, 0x00000000f5580000)
  object space 349696K, 61% used [0x00000000e0000000,0x00000000ed1ac0d8,0x00000000f5580000)
 Metaspace       used 73883K, committed 75456K, reserved 1179648K
  class space    used 7822K, committed 8512K, reserved 1048576K
}
Event: 53.933 GC heap after
{Heap after GC invocations=36 (full 4):
 PSYoungGen      total 167936K, used 3571K [0x00000000f5580000, 0x0000000100000000, 0x0000000100000000)
  eden space 161280K, 0% used [0x00000000f5580000,0x00000000f5580000,0x00000000ff300000)
  from space 6656K, 53% used [0x00000000ff300000,0x00000000ff67cd48,0x00000000ff980000)
  to   space 4608K, 0% used [0x00000000ffb80000,0x00000000ffb80000,0x0000000100000000)
 ParOldGen       total 349696K, used 215296K [0x00000000e0000000, 0x00000000f5580000, 0x00000000f5580000)
  object space 349696K, 61% used [0x00000000e0000000,0x00000000ed2400d8,0x00000000f5580000)
 Metaspace       used 73883K, committed 75456K, reserved 1179648K
  class space    used 7822K, committed 8512K, reserved 1048576K
}
Event: 54.562 GC heap before
{Heap before GC invocations=37 (full 4):
 PSYoungGen      total 167936K, used 164851K [0x00000000f5580000, 0x0000000100000000, 0x0000000100000000)
  eden space 161280K, 100% used [0x00000000f5580000,0x00000000ff300000,0x00000000ff300000)
  from space 6656K, 53% used [0x00000000ff300000,0x00000000ff67cd48,0x00000000ff980000)
  to   space 4608K, 0% used [0x00000000ffb80000,0x00000000ffb80000,0x0000000100000000)
 ParOldGen       total 349696K, used 215296K [0x00000000e0000000, 0x00000000f5580000, 0x00000000f5580000)
  object space 349696K, 61% used [0x00000000e0000000,0x00000000ed2400d8,0x00000000f5580000)
 Metaspace       used 73888K, committed 75456K, reserved 1179648K
  class space    used 7822K, committed 8512K, reserved 1048576K
}
Event: 54.564 GC heap after
{Heap after GC invocations=37 (full 4):
 PSYoungGen      total 171008K, used 2551K [0x00000000f5580000, 0x0000000100000000, 0x0000000100000000)
  eden space 166400K, 0% used [0x00000000f5580000,0x00000000f5580000,0x00000000ff800000)
  from space 4608K, 55% used [0x00000000ffb80000,0x00000000ffdfdf78,0x0000000100000000)
  to   space 3584K, 0% used [0x00000000ff800000,0x00000000ff800000,0x00000000ffb80000)
 ParOldGen       total 349696K, used 215392K [0x00000000e0000000, 0x00000000f5580000, 0x00000000f5580000)
  object space 349696K, 61% used [0x00000000e0000000,0x00000000ed2580d8,0x00000000f5580000)
 Metaspace       used 73888K, committed 75456K, reserved 1179648K
  class space    used 7822K, committed 8512K, reserved 1048576K
}
Event: 247.935 GC heap before
{Heap before GC invocations=38 (full 4):
 PSYoungGen      total 171008K, used 168951K [0x00000000f5580000, 0x0000000100000000, 0x0000000100000000)
  eden space 166400K, 100% used [0x00000000f5580000,0x00000000ff800000,0x00000000ff800000)
  from space 4608K, 55% used [0x00000000ffb80000,0x00000000ffdfdf78,0x0000000100000000)
  to   space 3584K, 0% used [0x00000000ff800000,0x00000000ff800000,0x00000000ffb80000)
 ParOldGen       total 349696K, used 215392K [0x00000000e0000000, 0x00000000f5580000, 0x00000000f5580000)
  object space 349696K, 61% used [0x00000000e0000000,0x00000000ed2580d8,0x00000000f5580000)
 Metaspace       used 75535K, committed 77248K, reserved 1179648K
  class space    used 7968K, committed 8704K, reserved 1048576K
}
Event: 247.943 GC heap after
{Heap after GC invocations=38 (full 4):
 PSYoungGen      total 165376K, used 3555K [0x00000000f5580000, 0x0000000100000000, 0x0000000100000000)
  eden space 161792K, 0% used [0x00000000f5580000,0x00000000f5580000,0x00000000ff380000)
  from space 3584K, 99% used [0x00000000ff800000,0x00000000ffb78df0,0x00000000ffb80000)
  to   space 4608K, 0% used [0x00000000ffb80000,0x00000000ffb80000,0x0000000100000000)
 ParOldGen       total 349696K, used 229038K [0x00000000e0000000, 0x00000000f5580000, 0x00000000f5580000)
  object space 349696K, 65% used [0x00000000e0000000,0x00000000edfab9c8,0x00000000f5580000)
 Metaspace       used 75535K, committed 77248K, reserved 1179648K
  class space    used 7968K, committed 8704K, reserved 1048576K
}
Event: 255.060 GC heap before
{Heap before GC invocations=39 (full 4):
 PSYoungGen      total 165376K, used 165347K [0x00000000f5580000, 0x0000000100000000, 0x0000000100000000)
  eden space 161792K, 100% used [0x00000000f5580000,0x00000000ff380000,0x00000000ff380000)
  from space 3584K, 99% used [0x00000000ff800000,0x00000000ffb78df0,0x00000000ffb80000)
  to   space 4608K, 0% used [0x00000000ffb80000,0x00000000ffb80000,0x0000000100000000)
 ParOldGen       total 349696K, used 229038K [0x00000000e0000000, 0x00000000f5580000, 0x00000000f5580000)
  object space 349696K, 65% used [0x00000000e0000000,0x00000000edfab9c8,0x00000000f5580000)
 Metaspace       used 80190K, committed 81920K, reserved 1179648K
  class space    used 8520K, committed 9280K, reserved 1048576K
}
Event: 255.067 GC heap after
{Heap after GC invocations=39 (full 4):
 PSYoungGen      total 153600K, used 4576K [0x00000000f5580000, 0x0000000100000000, 0x0000000100000000)
  eden space 148992K, 0% used [0x00000000f5580000,0x00000000f5580000,0x00000000fe700000)
  from space 4608K, 99% used [0x00000000ffb80000,0x00000000ffff8060,0x0000000100000000)
  to   space 12800K, 0% used [0x00000000fe700000,0x00000000fe700000,0x00000000ff380000)
 ParOldGen       total 349696K, used 234826K [0x00000000e0000000, 0x00000000f5580000, 0x00000000f5580000)
  object space 349696K, 67% used [0x00000000e0000000,0x00000000ee552a68,0x00000000f5580000)
 Metaspace       used 80190K, committed 81920K, reserved 1179648K
  class space    used 8520K, committed 9280K, reserved 1048576K
}
Event: 732.824 GC heap before
{Heap before GC invocations=40 (full 4):
 PSYoungGen      total 153600K, used 153568K [0x00000000f5580000, 0x0000000100000000, 0x0000000100000000)
  eden space 148992K, 100% used [0x00000000f5580000,0x00000000fe700000,0x00000000fe700000)
  from space 4608K, 99% used [0x00000000ffb80000,0x00000000ffff8060,0x0000000100000000)
  to   space 12800K, 0% used [0x00000000fe700000,0x00000000fe700000,0x00000000ff380000)
 ParOldGen       total 349696K, used 234826K [0x00000000e0000000, 0x00000000f5580000, 0x00000000f5580000)
  object space 349696K, 67% used [0x00000000e0000000,0x00000000ee552a68,0x00000000f5580000)
 Metaspace       used 81216K, committed 82944K, reserved 1179648K
  class space    used 8553K, committed 9344K, reserved 1048576K
}
Event: 732.830 GC heap after
{Heap after GC invocations=40 (full 4):
 PSYoungGen      total 161792K, used 4627K [0x00000000f5580000, 0x0000000100000000, 0x0000000100000000)
  eden space 148992K, 0% used [0x00000000f5580000,0x00000000f5580000,0x00000000fe700000)
  from space 12800K, 36% used [0x00000000fe700000,0x00000000feb84f50,0x00000000ff380000)
  to   space 7168K, 0% used [0x00000000ff900000,0x00000000ff900000,0x0000000100000000)
 ParOldGen       total 349696K, used 238952K [0x00000000e0000000, 0x00000000f5580000, 0x00000000f5580000)
  object space 349696K, 68% used [0x00000000e0000000,0x00000000ee95a358,0x00000000f5580000)
 Metaspace       used 81216K, committed 82944K, reserved 1179648K
  class space    used 8553K, committed 9344K, reserved 1048576K
}
Event: 751.475 GC heap before
{Heap before GC invocations=41 (full 4):
 PSYoungGen      total 161792K, used 153619K [0x00000000f5580000, 0x0000000100000000, 0x0000000100000000)
  eden space 148992K, 100% used [0x00000000f5580000,0x00000000fe700000,0x00000000fe700000)
  from space 12800K, 36% used [0x00000000fe700000,0x00000000feb84f50,0x00000000ff380000)
  to   space 7168K, 0% used [0x00000000ff900000,0x00000000ff900000,0x0000000100000000)
 ParOldGen       total 349696K, used 238952K [0x00000000e0000000, 0x00000000f5580000, 0x00000000f5580000)
  object space 349696K, 68% used [0x00000000e0000000,0x00000000ee95a358,0x00000000f5580000)
 Metaspace       used 81632K, committed 83392K, reserved 1179648K
  class space    used 8567K, committed 9344K, reserved 1048576K
}
Event: 751.482 GC heap after
{Heap after GC invocations=41 (full 4):
 PSYoungGen      total 166400K, used 7049K [0x00000000f5580000, 0x0000000100000000, 0x0000000100000000)
  eden space 159232K, 0% used [0x00000000f5580000,0x00000000f5580000,0x00000000ff100000)
  from space 7168K, 98% used [0x00000000ff900000,0x00000000fffe25a8,0x0000000100000000)
  to   space 7680K, 0% used [0x00000000ff100000,0x00000000ff100000,0x00000000ff880000)
 ParOldGen       total 349696K, used 238960K [0x00000000e0000000, 0x00000000f5580000, 0x00000000f5580000)
  object space 349696K, 68% used [0x00000000e0000000,0x00000000ee95c358,0x00000000f5580000)
 Metaspace       used 81632K, committed 83392K, reserved 1179648K
  class space    used 8567K, committed 9344K, reserved 1048576K
}
Event: 760.694 GC heap before
{Heap before GC invocations=42 (full 4):
 PSYoungGen      total 166400K, used 166281K [0x00000000f5580000, 0x0000000100000000, 0x0000000100000000)
  eden space 159232K, 100% used [0x00000000f5580000,0x00000000ff100000,0x00000000ff100000)
  from space 7168K, 98% used [0x00000000ff900000,0x00000000fffe25a8,0x0000000100000000)
  to   space 7680K, 0% used [0x00000000ff100000,0x00000000ff100000,0x00000000ff880000)
 ParOldGen       total 349696K, used 238960K [0x00000000e0000000, 0x00000000f5580000, 0x00000000f5580000)
  object space 349696K, 68% used [0x00000000e0000000,0x00000000ee95c358,0x00000000f5580000)
 Metaspace       used 82059K, committed 83840K, reserved 1179648K
  class space    used 8578K, committed 9408K, reserved 1048576K
}
Event: 760.697 GC heap after
{Heap after GC invocations=42 (full 4):
 PSYoungGen      total 166912K, used 6745K [0x00000000f5580000, 0x0000000100000000, 0x0000000100000000)
  eden space 159232K, 0% used [0x00000000f5580000,0x00000000f5580000,0x00000000ff100000)
  from space 7680K, 87% used [0x00000000ff100000,0x00000000ff7965b8,0x00000000ff880000)
  to   space 7168K, 0% used [0x00000000ff900000,0x00000000ff900000,0x0000000100000000)
 ParOldGen       total 349696K, used 238968K [0x00000000e0000000, 0x00000000f5580000, 0x00000000f5580000)
  object space 349696K, 68% used [0x00000000e0000000,0x00000000ee95e358,0x00000000f5580000)
 Metaspace       used 82059K, committed 83840K, reserved 1179648K
  class space    used 8578K, committed 9408K, reserved 1048576K
}
Event: 768.110 GC heap before
{Heap before GC invocations=43 (full 4):
 PSYoungGen      total 166912K, used 165977K [0x00000000f5580000, 0x0000000100000000, 0x0000000100000000)
  eden space 159232K, 100% used [0x00000000f5580000,0x00000000ff100000,0x00000000ff100000)
  from space 7680K, 87% used [0x00000000ff100000,0x00000000ff7965b8,0x00000000ff880000)
  to   space 7168K, 0% used [0x00000000ff900000,0x00000000ff900000,0x0000000100000000)
 ParOldGen       total 349696K, used 238968K [0x00000000e0000000, 0x00000000f5580000, 0x00000000f5580000)
  object space 349696K, 68% used [0x00000000e0000000,0x00000000ee95e358,0x00000000f5580000)
 Metaspace       used 82331K, committed 84160K, reserved 1179648K
  class space    used 8579K, committed 9408K, reserved 1048576K
}
Event: 768.113 GC heap after
{Heap after GC invocations=43 (full 4):
 PSYoungGen      total 168960K, used 4744K [0x00000000f5580000, 0x0000000100000000, 0x0000000100000000)
  eden space 161792K, 0% used [0x00000000f5580000,0x00000000f5580000,0x00000000ff380000)
  from space 7168K, 66% used [0x00000000ff900000,0x00000000ffda2000,0x0000000100000000)
  to   space 5632K, 0% used [0x00000000ff380000,0x00000000ff380000,0x00000000ff900000)
 ParOldGen       total 349696K, used 238976K [0x00000000e0000000, 0x00000000f5580000, 0x00000000f5580000)
  object space 349696K, 68% used [0x00000000e0000000,0x00000000ee960358,0x00000000f5580000)
 Metaspace       used 82331K, committed 84160K, reserved 1179648K
  class space    used 8579K, committed 9408K, reserved 1048576K
}
Event: 841.393 GC heap before
{Heap before GC invocations=44 (full 4):
 PSYoungGen      total 168960K, used 166536K [0x00000000f5580000, 0x0000000100000000, 0x0000000100000000)
  eden space 161792K, 100% used [0x00000000f5580000,0x00000000ff380000,0x00000000ff380000)
  from space 7168K, 66% used [0x00000000ff900000,0x00000000ffda2000,0x0000000100000000)
  to   space 5632K, 0% used [0x00000000ff380000,0x00000000ff380000,0x00000000ff900000)
 ParOldGen       total 349696K, used 238976K [0x00000000e0000000, 0x00000000f5580000, 0x00000000f5580000)
  object space 349696K, 68% used [0x00000000e0000000,0x00000000ee960358,0x00000000f5580000)
 Metaspace       used 82602K, committed 84480K, reserved 1179648K
  class space    used 8584K, committed 9408K, reserved 1048576K
}
Event: 841.397 GC heap after
{Heap after GC invocations=44 (full 4):
 PSYoungGen      total 167424K, used 5411K [0x00000000f5580000, 0x0000000100000000, 0x0000000100000000)
  eden space 161792K, 0% used [0x00000000f5580000,0x00000000f5580000,0x00000000ff380000)
  from space 5632K, 96% used [0x00000000ff380000,0x00000000ff8c8f80,0x00000000ff900000)
  to   space 5632K, 0% used [0x00000000ffa80000,0x00000000ffa80000,0x0000000100000000)
 ParOldGen       total 349696K, used 238984K [0x00000000e0000000, 0x00000000f5580000, 0x00000000f5580000)
  object space 349696K, 68% used [0x00000000e0000000,0x00000000ee962358,0x00000000f5580000)
 Metaspace       used 82602K, committed 84480K, reserved 1179648K
  class space    used 8584K, committed 9408K, reserved 1048576K
}

Dll operation events (14 events):
Event: 0.017 Loaded shared library c:\Users\valer\.vscode\extensions\redhat.java-1.54.0-win32-x64\jre\21.0.10-win32-x86_64\bin\java.dll
Event: 0.112 Loaded shared library c:\Users\valer\.vscode\extensions\redhat.java-1.54.0-win32-x64\jre\21.0.10-win32-x86_64\bin\zip.dll
Event: 0.171 Loaded shared library C:\Users\valer\.vscode\extensions\redhat.java-1.54.0-win32-x64\jre\21.0.10-win32-x86_64\bin\instrument.dll
Event: 0.183 Loaded shared library C:\Users\valer\.vscode\extensions\redhat.java-1.54.0-win32-x64\jre\21.0.10-win32-x86_64\bin\net.dll
Event: 0.187 Loaded shared library C:\Users\valer\.vscode\extensions\redhat.java-1.54.0-win32-x64\jre\21.0.10-win32-x86_64\bin\nio.dll
Event: 0.196 Loaded shared library C:\Users\valer\.vscode\extensions\redhat.java-1.54.0-win32-x64\jre\21.0.10-win32-x86_64\bin\zip.dll
Event: 0.238 Loaded shared library C:\Users\valer\.vscode\extensions\redhat.java-1.54.0-win32-x64\jre\21.0.10-win32-x86_64\bin\jimage.dll
Event: 0.456 Loaded shared library c:\Users\valer\.vscode\extensions\redhat.java-1.54.0-win32-x64\jre\21.0.10-win32-x86_64\bin\verify.dll
Event: 10.225 Loaded shared library C:\Users\valer\AppData\Roaming\Code\User\globalStorage\redhat.java\1.54.0\config_win\org.eclipse.equinox.launcher\org.eclipse.equinox.launcher.win32.win32.x86_64_1.3.0.v20260203-2149\eclipse_11919.dll
Event: 21.236 Loaded shared library C:\Users\valer\.vscode\extensions\redhat.java-1.54.0-win32-x64\jre\21.0.10-win32-x86_64\bin\management.dll
Event: 21.240 Loaded shared library C:\Users\valer\.vscode\extensions\redhat.java-1.54.0-win32-x64\jre\21.0.10-win32-x86_64\bin\management_ext.dll
Event: 22.557 Loaded shared library C:\Users\valer\AppData\Local\Temp\jna-111972238\jna8886906351554603345.dll
Event: 23.146 Loaded shared library C:\Users\valer\.vscode\extensions\redhat.java-1.54.0-win32-x64\jre\21.0.10-win32-x86_64\bin\sunmscapi.dll
Event: 23.294 Loaded shared library C:\Users\valer\.vscode\extensions\redhat.java-1.54.0-win32-x64\jre\21.0.10-win32-x86_64\bin\extnet.dll

Deoptimization events (20 events):
Event: 808.962 Thread 0x00000224d02d0fa0 DEOPT PACKING pc=0x0000022488913e30 sp=0x0000006a699fdb60
Event: 808.962 Thread 0x00000224d02d0fa0 DEOPT UNPACKING pc=0x0000022487586da2 sp=0x0000006a699fda68 mode 2
Event: 820.756 Thread 0x00000224fb19b260 Uncommon trap: trap_request=0xffffffde fr.pc=0x000002248890bb8c relative=0x00000000000000cc
Event: 820.756 Thread 0x00000224fb19b260 Uncommon trap: reason=class_check action=maybe_recompile pc=0x000002248890bb8c method=java.util.stream.Streams$ConcatSpliterator.estimateSize()J @ 11 c2
Event: 820.756 Thread 0x00000224fb19b260 DEOPT PACKING pc=0x000002248890bb8c sp=0x0000006a6abfe4d0
Event: 820.756 Thread 0x00000224fb19b260 DEOPT UNPACKING pc=0x0000022487586da2 sp=0x0000006a6abfe458 mode 2
Event: 820.756 Thread 0x00000224fb19b260 Uncommon trap: trap_request=0xffffffc6 fr.pc=0x00000224889547e8 relative=0x0000000000000668
Event: 820.756 Thread 0x00000224fb19b260 Uncommon trap: reason=bimorphic_or_optimized_type_check action=maybe_recompile pc=0x00000224889547e8 method=java.util.stream.Streams$ConcatSpliterator.forEachRemaining(Ljava/util/function/Consumer;)V @ 12 c2
Event: 820.756 Thread 0x00000224fb19b260 DEOPT PACKING pc=0x00000224889547e8 sp=0x0000006a6abfe4d0
Event: 820.756 Thread 0x00000224fb19b260 DEOPT UNPACKING pc=0x0000022487586da2 sp=0x0000006a6abfe478 mode 2
Event: 820.756 Thread 0x00000224fb19b260 Uncommon trap: trap_request=0xffffffde fr.pc=0x000002248890bb8c relative=0x00000000000000cc
Event: 820.756 Thread 0x00000224fb19b260 Uncommon trap: reason=class_check action=maybe_recompile pc=0x000002248890bb8c method=java.util.stream.Streams$ConcatSpliterator.estimateSize()J @ 11 c2
Event: 820.756 Thread 0x00000224fb19b260 DEOPT PACKING pc=0x000002248890bb8c sp=0x0000006a6abfe4d0
Event: 820.756 Thread 0x00000224fb19b260 DEOPT UNPACKING pc=0x0000022487586da2 sp=0x0000006a6abfe458 mode 2
Event: 820.756 Thread 0x00000224fb19b260 Uncommon trap: trap_request=0xffffffc6 fr.pc=0x00000224889547e8 relative=0x0000000000000668
Event: 820.756 Thread 0x00000224fb19b260 Uncommon trap: reason=bimorphic_or_optimized_type_check action=maybe_recompile pc=0x00000224889547e8 method=java.util.stream.Streams$ConcatSpliterator.forEachRemaining(Ljava/util/function/Consumer;)V @ 12 c2
Event: 820.756 Thread 0x00000224fb19b260 DEOPT PACKING pc=0x00000224889547e8 sp=0x0000006a6abfe4d0
Event: 820.756 Thread 0x00000224fb19b260 DEOPT UNPACKING pc=0x0000022487586da2 sp=0x0000006a6abfe478 mode 2
Event: 1630.055 Thread 0x00000224d02d0fa0 DEOPT PACKING pc=0x0000022482633f22 sp=0x0000006a699fe610
Event: 1630.057 Thread 0x00000224d02d0fa0 DEOPT UNPACKING pc=0x00000224875878e2 sp=0x0000006a699fdb88 mode 0

Classes loaded (20 events):
Event: 127.894 Loading class org/xml/sax/SAXNotSupportedException
Event: 127.894 Loading class org/xml/sax/SAXNotSupportedException done
Event: 127.895 Loading class com/sun/org/apache/xerces/internal/util/URI
Event: 127.895 Loading class com/sun/org/apache/xerces/internal/util/URI done
Event: 127.896 Loading class com/sun/org/apache/xerces/internal/xni/XNIException
Event: 127.896 Loading class com/sun/org/apache/xerces/internal/xni/XNIException done
Event: 127.899 Loading class com/sun/org/apache/xerces/internal/xni/parser/XMLParseException
Event: 127.899 Loading class com/sun/org/apache/xerces/internal/xni/parser/XMLParseException done
Event: 249.482 Loading class jdk/internal/ref/CleanerImpl$InnocuousThreadFactory
Event: 249.483 Loading class jdk/internal/ref/CleanerImpl$InnocuousThreadFactory done
Event: 253.250 Loading class java/util/stream/ReduceOps$5
Event: 253.250 Loading class java/util/stream/ReduceOps$5 done
Event: 253.251 Loading class java/util/stream/ReduceOps$CountingSink$OfRef
Event: 253.251 Loading class java/util/stream/ReduceOps$CountingSink
Event: 253.251 Loading class java/util/stream/ReduceOps$CountingSink done
Event: 253.251 Loading class java/util/stream/ReduceOps$CountingSink$OfRef done
Event: 255.039 Loading class java/util/regex/Pattern$Behind
Event: 255.039 Loading class java/util/regex/Pattern$Behind done
Event: 255.039 Loading class java/util/regex/Pattern$Neg
Event: 255.039 Loading class java/util/regex/Pattern$Neg done

Classes unloaded (13 events):
Event: 21.872 Thread 0x00000224f14429d0 Unloading class 0x00000224901a4800 'java/lang/invoke/LambdaForm$MH+0x00000224901a4800'
Event: 21.872 Thread 0x00000224f14429d0 Unloading class 0x00000224901a4400 'java/lang/invoke/LambdaForm$MH+0x00000224901a4400'
Event: 21.872 Thread 0x00000224f14429d0 Unloading class 0x00000224901a4000 'java/lang/invoke/LambdaForm$MH+0x00000224901a4000'
Event: 21.872 Thread 0x00000224f14429d0 Unloading class 0x00000224901a3c00 'java/lang/invoke/LambdaForm$MH+0x00000224901a3c00'
Event: 21.872 Thread 0x00000224f14429d0 Unloading class 0x00000224901a3800 'java/lang/invoke/LambdaForm$BMH+0x00000224901a3800'
Event: 21.872 Thread 0x00000224f14429d0 Unloading class 0x00000224901a3400 'java/lang/invoke/LambdaForm$DMH+0x00000224901a3400'
Event: 21.872 Thread 0x00000224f14429d0 Unloading class 0x00000224901a2000 'java/lang/invoke/LambdaForm$DMH+0x00000224901a2000'
Event: 23.158 Thread 0x00000224f14429d0 Unloading class 0x0000022490380000 'java/lang/invoke/LambdaForm$MH+0x0000022490380000'
Event: 23.158 Thread 0x00000224f14429d0 Unloading class 0x000002249035b000 'java/lang/invoke/LambdaForm$MH+0x000002249035b000'
Event: 32.895 Thread 0x00000224f14429d0 Unloading class 0x0000022490649800 'java/lang/invoke/LambdaForm$DMH+0x0000022490649800'
Event: 32.895 Thread 0x00000224f14429d0 Unloading class 0x0000022490648c00 'java/lang/invoke/LambdaForm$DMH+0x0000022490648c00'
Event: 32.895 Thread 0x00000224f14429d0 Unloading class 0x0000022490649000 'java/lang/invoke/LambdaForm$DMH+0x0000022490649000'
Event: 32.895 Thread 0x00000224f14429d0 Unloading class 0x0000022490649400 'java/lang/invoke/LambdaForm$DMH+0x0000022490649400'

Classes redefined (0 events):
No events

Internal exceptions (20 events):
Event: 255.009 Thread 0x00000224d02cfbf0 Exception <a 'java/lang/NoSuchMethodError'{0x00000000fee7a8f8}: 'void java.lang.invoke.DirectMethodHandle$Holder.invokeSpecial(java.lang.Object, java.lang.Object, int)'> (0x00000000fee7a8f8) 
thrown [s\src\hotspot\share\interpreter\linkResolver.cpp, line 773]
Event: 255.022 Thread 0x00000224d02cfbf0 Exception <a 'java/lang/ArrayIndexOutOfBoundsException'{0x00000000fef926a0}: Index 2 out of bounds for length 2> (0x00000000fef926a0) 
thrown [s\src\hotspot\share\interpreter\interpreterRuntime.cpp, line 439]
Event: 255.027 Thread 0x00000224d02cfbf0 Exception <a 'java/lang/ArrayIndexOutOfBoundsException'{0x00000000fefd8220}: Index 2 out of bounds for length 2> (0x00000000fefd8220) 
thrown [s\src\hotspot\share\interpreter\interpreterRuntime.cpp, line 439]
Event: 255.050 Thread 0x00000224d02cfbf0 Exception <a 'java/lang/ArrayIndexOutOfBoundsException'{0x00000000ff18f728}: Index 2 out of bounds for length 2> (0x00000000ff18f728) 
thrown [s\src\hotspot\share\interpreter\interpreterRuntime.cpp, line 439]
Event: 255.050 Thread 0x00000224d02cfbf0 Exception <a 'java/lang/ArrayIndexOutOfBoundsException'{0x00000000ff1a7e00}: Index 2 out of bounds for length 2> (0x00000000ff1a7e00) 
thrown [s\src\hotspot\share\interpreter\interpreterRuntime.cpp, line 439]
Event: 258.885 Thread 0x00000224fb19bf80 Exception <a 'java/lang/IncompatibleClassChangeError'{0x00000000f59252c0}: Found class java.lang.Object, but interface was expected> (0x00000000f59252c0) 
thrown [s\src\hotspot\share\interpreter\linkResolver.cpp, line 840]
Event: 259.073 Thread 0x00000224d02cfbf0 Exception <a 'java/lang/ArrayIndexOutOfBoundsException'{0x00000000f59fb880}: Index 2 out of bounds for length 2> (0x00000000f59fb880) 
thrown [s\src\hotspot\share\interpreter\interpreterRuntime.cpp, line 439]
Event: 259.073 Thread 0x00000224d02cfbf0 Exception <a 'java/lang/ArrayIndexOutOfBoundsException'{0x00000000f5a13f48}: Index 2 out of bounds for length 2> (0x00000000f5a13f48) 
thrown [s\src\hotspot\share\interpreter\interpreterRuntime.cpp, line 439]
Event: 259.076 Thread 0x00000224d02cfbf0 Exception <a 'java/lang/ArrayIndexOutOfBoundsException'{0x00000000f5a642a8}: Index 2 out of bounds for length 2> (0x00000000f5a642a8) 
thrown [s\src\hotspot\share\interpreter\interpreterRuntime.cpp, line 439]
Event: 259.077 Thread 0x00000224d02cfbf0 Exception <a 'java/lang/ArrayIndexOutOfBoundsException'{0x00000000f5a7c728}: Index 2 out of bounds for length 2> (0x00000000f5a7c728) 
thrown [s\src\hotspot\share\interpreter\interpreterRuntime.cpp, line 439]
Event: 343.193 Thread 0x00000224d02d0fa0 Exception <a 'sun/nio/fs/WindowsException'{0x00000000f7dfe728}> (0x00000000f7dfe728) 
thrown [s\src\hotspot\share\prims\jni.cpp, line 520]
Event: 343.193 Thread 0x00000224d02d0fa0 Exception <a 'sun/nio/fs/WindowsException'{0x00000000f7dff250}> (0x00000000f7dff250) 
thrown [s\src\hotspot\share\prims\jni.cpp, line 520]
Event: 645.177 Thread 0x00000224fb2116e0 Exception <a 'sun/nio/fs/WindowsException'{0x00000000f9741548}> (0x00000000f9741548) 
thrown [s\src\hotspot\share\prims\jni.cpp, line 520]
Event: 645.177 Thread 0x00000224fb2116e0 Exception <a 'sun/nio/fs/WindowsException'{0x00000000f9742050}> (0x00000000f9742050) 
thrown [s\src\hotspot\share\prims\jni.cpp, line 520]
Event: 716.613 Thread 0x00000224d02cdb20 Exception <a 'java/lang/NoSuchMethodError'{0x00000000fb2da080}: 'java.lang.Object java.lang.invoke.DirectMethodHandle$Holder.newInvokeSpecial(java.lang.Object, java.lang.Object, int, java.lang.Object, java.lang.Object, java.lang.Object, java.lang.Object)'> (0x00000000fb2da080) 
thrown [s\src\hotspot\share\interpreter\linkResolver.cpp, line 773]
Event: 764.734 Thread 0x00000224d02ca010 Implicit null exception at 0x0000022487ff288d to 0x0000022487ff8a2c
Event: 808.715 Thread 0x00000224fb211050 Exception <a 'sun/nio/fs/WindowsException'{0x00000000faf03718}> (0x00000000faf03718) 
thrown [s\src\hotspot\share\prims\jni.cpp, line 520]
Event: 808.855 Thread 0x00000224fb211050 Exception <a 'sun/nio/fs/WindowsException'{0x00000000fcbd3230}> (0x00000000fcbd3230) 
thrown [s\src\hotspot\share\prims\jni.cpp, line 520]
Event: 1109.565 Thread 0x00000224d02d0fa0 Exception <a 'sun/nio/fs/WindowsException'{0x00000000f586f920}> (0x00000000f586f920) 
thrown [s\src\hotspot\share\prims\jni.cpp, line 520]
Event: 1109.570 Thread 0x00000224d02d0fa0 Exception <a 'sun/nio/fs/WindowsException'{0x00000000f5870428}> (0x00000000f5870428) 
thrown [s\src\hotspot\share\prims\jni.cpp, line 520]

ZGC Phase Switch (0 events):
No events

VM Operations (20 events):
Event: 1323.397 Executing non-safepoint VM operation: HandshakeAllThreads (HandshakeForDeflation) done
Event: 1323.487 Executing non-safepoint VM operation: RendezvousGCThreads
Event: 1323.487 Executing non-safepoint VM operation: RendezvousGCThreads done
Event: 1383.421 Executing non-safepoint VM operation: HandshakeAllThreads (HandshakeForDeflation)
Event: 1383.422 Executing non-safepoint VM operation: HandshakeAllThreads (HandshakeForDeflation) done
Event: 1383.422 Executing non-safepoint VM operation: RendezvousGCThreads
Event: 1383.422 Executing non-safepoint VM operation: RendezvousGCThreads done
Event: 1503.778 Executing non-safepoint VM operation: HandshakeAllThreads (HandshakeForDeflation)
Event: 1503.779 Executing non-safepoint VM operation: HandshakeAllThreads (HandshakeForDeflation) done
Event: 1503.779 Executing non-safepoint VM operation: RendezvousGCThreads
Event: 1503.779 Executing non-safepoint VM operation: RendezvousGCThreads done
Event: 1563.828 Executing non-safepoint VM operation: HandshakeAllThreads (HandshakeForDeflation)
Event: 1563.828 Executing non-safepoint VM operation: HandshakeAllThreads (HandshakeForDeflation) done
Event: 1563.829 Executing non-safepoint VM operation: RendezvousGCThreads
Event: 1563.829 Executing non-safepoint VM operation: RendezvousGCThreads done
Event: 1623.971 Executing non-safepoint VM operation: HandshakeAllThreads (HandshakeForDeflation)
Event: 1623.971 Executing non-safepoint VM operation: HandshakeAllThreads (HandshakeForDeflation) done
Event: 1623.971 Executing non-safepoint VM operation: RendezvousGCThreads
Event: 1623.971 Executing non-safepoint VM operation: RendezvousGCThreads done
Event: 1631.041 Executing safepoint VM operation: Cleanup

Memory protections (0 events):
No events

Nmethod flushes (20 events):
Event: 49.962 Thread 0x00000224f14429d0 flushing  nmethod 0x0000022481188990
Event: 49.962 Thread 0x00000224f14429d0 flushing  nmethod 0x00000224811aa090
Event: 49.962 Thread 0x00000224f14429d0 flushing  nmethod 0x00000224811ab410
Event: 49.962 Thread 0x00000224f14429d0 flushing  nmethod 0x00000224811b0110
Event: 49.962 Thread 0x00000224f14429d0 flushing  nmethod 0x00000224811b7410
Event: 49.962 Thread 0x00000224f14429d0 flushing  nmethod 0x00000224811b7b10
Event: 49.962 Thread 0x00000224f14429d0 flushing  nmethod 0x00000224811b7f90
Event: 49.962 Thread 0x00000224f14429d0 flushing  nmethod 0x00000224811bbc90
Event: 49.962 Thread 0x00000224f14429d0 flushing  nmethod 0x00000224811bce10
Event: 49.962 Thread 0x00000224f14429d0 flushing  nmethod 0x00000224811c4510
Event: 49.962 Thread 0x00000224f14429d0 flushing  nmethod 0x00000224811c6190
Event: 49.962 Thread 0x00000224f14429d0 flushing  nmethod 0x00000224811c7510
Event: 49.962 Thread 0x00000224f14429d0 flushing  nmethod 0x00000224811c7b90
Event: 49.962 Thread 0x00000224f14429d0 flushing  nmethod 0x00000224811c8890
Event: 49.962 Thread 0x00000224f14429d0 flushing  nmethod 0x00000224811c8e10
Event: 49.962 Thread 0x00000224f14429d0 flushing  nmethod 0x00000224811cbc90
Event: 49.962 Thread 0x00000224f14429d0 flushing  nmethod 0x00000224811d1990
Event: 49.962 Thread 0x00000224f14429d0 flushing  nmethod 0x00000224811d2a10
Event: 49.962 Thread 0x00000224f14429d0 flushing  nmethod 0x0000022481203190
Event: 49.962 Thread 0x00000224f14429d0 flushing  nmethod 0x000002248122a610

Events (20 events):
Event: 809.337 Thread 0x00000224fe24b5f0 Thread exited: 0x00000224fe24b5f0
Event: 809.337 Thread 0x00000224fbaddc20 Thread exited: 0x00000224fbaddc20
Event: 868.739 Thread 0x00000224d02ca010 Thread exited: 0x00000224d02ca010
Event: 868.940 Thread 0x00000224fb7bff30 Thread exited: 0x00000224fb7bff30
Event: 905.834 Thread 0x00000224fb19b260 Thread exited: 0x00000224fb19b260
Event: 928.958 Thread 0x00000224d02cc770 Thread exited: 0x00000224d02cc770
Event: 991.267 Thread 0x00000224d02cba50 Thread exited: 0x00000224d02cba50
Event: 1049.923 Thread 0x00000224d02cad30 Thread exited: 0x00000224d02cad30
Event: 1109.008 Thread 0x00000224fb210330 Thread exited: 0x00000224fb210330
Event: 1109.453 Thread 0x00000224d02d0fa0 Thread added: 0x00000224d02ca010
Event: 1109.480 Thread 0x00000224d02ca010 Thread exited: 0x00000224d02ca010
Event: 1109.585 Thread 0x00000224d02d0fa0 Thread added: 0x00000224d02cba50
Event: 1109.587 Thread 0x00000224d02cba50 Thread exited: 0x00000224d02cba50
Event: 1109.952 Thread 0x00000224d02ce1b0 Thread exited: 0x00000224d02ce1b0
Event: 1170.964 Thread 0x00000224d02d0910 Thread exited: 0x00000224d02d0910
Event: 1230.807 Thread 0x00000224d02cdb20 Thread exited: 0x00000224d02cdb20
Event: 1629.418 Thread 0x00000224fb19bf80 Thread added: 0x00000224d02cad30
Event: 1629.559 Thread 0x00000224fb19bf80 Thread added: 0x00000224d02cba50
Event: 1630.369 Thread 0x00000224fb0216c0 Thread added: 0x00000224fe24b5f0
Event: 1630.446 Thread 0x00000224fb0216c0 Thread added: 0x00000224d4a415e0


Dynamic libraries:
0x00007ff6c4830000 - 0x00007ff6c483e000 	c:\Users\valer\.vscode\extensions\redhat.java-1.54.0-win32-x64\jre\21.0.10-win32-x86_64\bin\java.exe
0x00007ffd433c0000 - 0x00007ffd43626000 	C:\WINDOWS\SYSTEM32\ntdll.dll
0x00007ffd42310000 - 0x00007ffd423d9000 	C:\WINDOWS\System32\KERNEL32.DLL
0x00007ffd40680000 - 0x00007ffd40a7a000 	C:\WINDOWS\System32\KERNELBASE.dll
0x00007ffd40d30000 - 0x00007ffd40e7c000 	C:\WINDOWS\System32\ucrtbase.dll
0x00007ffd1dfd0000 - 0x00007ffd1dfe8000 	c:\Users\valer\.vscode\extensions\redhat.java-1.54.0-win32-x64\jre\21.0.10-win32-x86_64\bin\jli.dll
0x00007ffd1e0a0000 - 0x00007ffd1e0be000 	c:\Users\valer\.vscode\extensions\redhat.java-1.54.0-win32-x64\jre\21.0.10-win32-x86_64\bin\VCRUNTIME140.dll
0x00007ffd424c0000 - 0x00007ffd42687000 	C:\WINDOWS\System32\USER32.dll
0x00007ffd40650000 - 0x00007ffd40677000 	C:\WINDOWS\System32\win32u.dll
0x00007ffd243d0000 - 0x00007ffd24662000 	C:\WINDOWS\WinSxS\amd64_microsoft.windows.common-controls_6595b64144ccf1df_6.0.26100.8521_none_3e08b75ce33403b3\COMCTL32.dll
0x00007ffd42760000 - 0x00007ffd4278b000 	C:\WINDOWS\System32\GDI32.dll
0x00007ffd42100000 - 0x00007ffd421a9000 	C:\WINDOWS\System32\msvcrt.dll
0x00007ffd40c00000 - 0x00007ffd40d2b000 	C:\WINDOWS\System32\gdi32full.dll
0x00007ffd40e80000 - 0x00007ffd40f23000 	C:\WINDOWS\System32\msvcp_win.dll
0x00007ffd42690000 - 0x00007ffd426c2000 	C:\WINDOWS\System32\IMM32.DLL
0x00007ffd2f880000 - 0x00007ffd2f88c000 	c:\Users\valer\.vscode\extensions\redhat.java-1.54.0-win32-x64\jre\21.0.10-win32-x86_64\bin\vcruntime140_1.dll
0x00007ffc9f450000 - 0x00007ffc9f4dd000 	c:\Users\valer\.vscode\extensions\redhat.java-1.54.0-win32-x64\jre\21.0.10-win32-x86_64\bin\msvcp140.dll
0x00007ffc4d190000 - 0x00007ffc4df31000 	c:\Users\valer\.vscode\extensions\redhat.java-1.54.0-win32-x64\jre\21.0.10-win32-x86_64\bin\server\jvm.dll
0x00007ffd41f40000 - 0x00007ffd41ff6000 	C:\WINDOWS\System32\ADVAPI32.dll
0x00007ffd411c0000 - 0x00007ffd4126a000 	C:\WINDOWS\System32\sechost.dll
0x00007ffd42790000 - 0x00007ffd428a8000 	C:\WINDOWS\System32\RPCRT4.dll
0x00007ffd426d0000 - 0x00007ffd42750000 	C:\WINDOWS\System32\WS2_32.dll
0x00007ffd36150000 - 0x00007ffd3615b000 	C:\WINDOWS\SYSTEM32\VERSION.dll
0x00007ffd296d0000 - 0x00007ffd29706000 	C:\WINDOWS\SYSTEM32\WINMM.dll
0x00007ffd404b0000 - 0x00007ffd4050e000 	C:\WINDOWS\SYSTEM32\POWRPROF.dll
0x00007ffd40490000 - 0x00007ffd404a4000 	C:\WINDOWS\SYSTEM32\UMPDC.dll
0x00007ffd3f3c0000 - 0x00007ffd3f3db000 	C:\WINDOWS\SYSTEM32\kernel.appcore.dll
0x00007ffd22890000 - 0x00007ffd2289a000 	c:\Users\valer\.vscode\extensions\redhat.java-1.54.0-win32-x64\jre\21.0.10-win32-x86_64\bin\jimage.dll
0x00007ffd3dcf0000 - 0x00007ffd3df32000 	C:\WINDOWS\SYSTEM32\DBGHELP.DLL
0x00007ffd42930000 - 0x00007ffd42cb3000 	C:\WINDOWS\System32\combase.dll
0x00007ffd423e0000 - 0x00007ffd424b9000 	C:\WINDOWS\System32\OLEAUT32.dll
0x00007ffd36310000 - 0x00007ffd3634b000 	C:\WINDOWS\SYSTEM32\dbgcore.DLL
0x00007ffd40f30000 - 0x00007ffd40fd8000 	C:\WINDOWS\System32\bcryptPrimitives.dll
0x00007ffd22400000 - 0x00007ffd2240f000 	c:\Users\valer\.vscode\extensions\redhat.java-1.54.0-win32-x64\jre\21.0.10-win32-x86_64\bin\instrument.dll
0x00007ffd17760000 - 0x00007ffd17780000 	c:\Users\valer\.vscode\extensions\redhat.java-1.54.0-win32-x64\jre\21.0.10-win32-x86_64\bin\java.dll
0x00007ffd41270000 - 0x00007ffd419f4000 	C:\WINDOWS\System32\SHELL32.dll
0x00007ffd3e1f0000 - 0x00007ffd3ea70000 	C:\WINDOWS\SYSTEM32\windows.storage.dll
0x00007ffd42000000 - 0x00007ffd420f6000 	C:\WINDOWS\System32\SHCORE.dll
0x00007ffd41150000 - 0x00007ffd411b7000 	C:\WINDOWS\System32\shlwapi.dll
0x00007ffd40570000 - 0x00007ffd40599000 	C:\WINDOWS\SYSTEM32\profapi.dll
0x00007ffd10030000 - 0x00007ffd10048000 	c:\Users\valer\.vscode\extensions\redhat.java-1.54.0-win32-x64\jre\21.0.10-win32-x86_64\bin\zip.dll
0x00007ffd177e0000 - 0x00007ffd177f0000 	C:\Users\valer\.vscode\extensions\redhat.java-1.54.0-win32-x64\jre\21.0.10-win32-x86_64\bin\net.dll
0x00007ffd36990000 - 0x00007ffd36ab9000 	C:\WINDOWS\SYSTEM32\WINHTTP.dll
0x00007ffd3f950000 - 0x00007ffd3f9bc000 	C:\WINDOWS\system32\mswsock.dll
0x00007ffd08f20000 - 0x00007ffd08f36000 	C:\Users\valer\.vscode\extensions\redhat.java-1.54.0-win32-x64\jre\21.0.10-win32-x86_64\bin\nio.dll
0x00007ffd11b00000 - 0x00007ffd11b10000 	c:\Users\valer\.vscode\extensions\redhat.java-1.54.0-win32-x64\jre\21.0.10-win32-x86_64\bin\verify.dll
0x00007ffca09c0000 - 0x00007ffca0a05000 	C:\Users\valer\AppData\Roaming\Code\User\globalStorage\redhat.java\1.54.0\config_win\org.eclipse.equinox.launcher\org.eclipse.equinox.launcher.win32.win32.x86_64_1.3.0.v20260203-2149\eclipse_11919.dll
0x00007ffd41ce0000 - 0x00007ffd41e78000 	C:\WINDOWS\System32\ole32.dll
0x00007ffd0fa60000 - 0x00007ffd0fa6a000 	C:\Users\valer\.vscode\extensions\redhat.java-1.54.0-win32-x64\jre\21.0.10-win32-x86_64\bin\management.dll
0x00007ffd0f5c0000 - 0x00007ffd0f5cc000 	C:\Users\valer\.vscode\extensions\redhat.java-1.54.0-win32-x64\jre\21.0.10-win32-x86_64\bin\management_ext.dll
0x00007ffd41c40000 - 0x00007ffd41c48000 	C:\WINDOWS\System32\PSAPI.DLL
0x00007ffd3fc30000 - 0x00007ffd3fc4b000 	C:\WINDOWS\SYSTEM32\CRYPTSP.dll
0x00007ffd3f310000 - 0x00007ffd3f349000 	C:\WINDOWS\system32\rsaenh.dll
0x00007ffd3fa00000 - 0x00007ffd3fa33000 	C:\WINDOWS\SYSTEM32\USERENV.dll
0x00007ffd40540000 - 0x00007ffd4056a000 	C:\WINDOWS\SYSTEM32\bcrypt.dll
0x00007ffd3fc50000 - 0x00007ffd3fc5c000 	C:\WINDOWS\SYSTEM32\CRYPTBASE.dll
0x00007ffd3ede0000 - 0x00007ffd3ee13000 	C:\WINDOWS\SYSTEM32\IPHLPAPI.DLL
0x00007ffd428c0000 - 0x00007ffd428ca000 	C:\WINDOWS\System32\NSI.dll
0x00007ffc9fd40000 - 0x00007ffc9fd89000 	C:\Users\valer\AppData\Local\Temp\jna-111972238\jna8886906351554603345.dll
0x00007ffd379b0000 - 0x00007ffd379cd000 	C:\WINDOWS\SYSTEM32\dhcpcsvc6.DLL
0x00007ffd36960000 - 0x00007ffd36985000 	C:\WINDOWS\SYSTEM32\dhcpcsvc.DLL
0x00007ffd0f5b0000 - 0x00007ffd0f5be000 	C:\Users\valer\.vscode\extensions\redhat.java-1.54.0-win32-x64\jre\21.0.10-win32-x86_64\bin\sunmscapi.dll
0x00007ffd40a80000 - 0x00007ffd40bf8000 	C:\WINDOWS\System32\CRYPT32.dll
0x00007ffd3fe50000 - 0x00007ffd3fe80000 	C:\WINDOWS\SYSTEM32\ncrypt.dll
0x00007ffd3fe00000 - 0x00007ffd3fe3f000 	C:\WINDOWS\SYSTEM32\NTASN1.dll
0x00007ffd3ee80000 - 0x00007ffd3efca000 	C:\WINDOWS\SYSTEM32\DNSAPI.dll
0x00007ffd3f750000 - 0x00007ffd3f75d000 	C:\WINDOWS\SYSTEM32\DSPARSE.dll
0x00007ffd1ffe0000 - 0x00007ffd1ffeb000 	C:\Windows\System32\rasadhlp.dll
0x00007ffd360c0000 - 0x00007ffd36146000 	C:\WINDOWS\System32\fwpuclnt.dll
0x00007ffd0f5a0000 - 0x00007ffd0f5a9000 	C:\Users\valer\.vscode\extensions\redhat.java-1.54.0-win32-x64\jre\21.0.10-win32-x86_64\bin\extnet.dll

JVMTI agents:
c:\Users\valer\.vscode\extensions\redhat.java-1.54.0-win32-x64\lombok\lombok-1.18.39-4050.jar path:c:\Users\valer\.vscode\extensions\redhat.java-1.54.0-win32-x64\jre\21.0.10-win32-x86_64\bin\instrument.dll, loaded, initialized, instrumentlib options:none

dbghelp: loaded successfully - version: 4.0.5 - missing functions: none
symbol engine: initialized successfully - sym options: 0x614 - pdb path: .;c:\Users\valer\.vscode\extensions\redhat.java-1.54.0-win32-x64\jre\21.0.10-win32-x86_64\bin;C:\WINDOWS\SYSTEM32;C:\WINDOWS\WinSxS\amd64_microsoft.windows.common-controls_6595b64144ccf1df_6.0.26100.8521_none_3e08b75ce33403b3;c:\Users\valer\.vscode\extensions\redhat.java-1.54.0-win32-x64\jre\21.0.10-win32-x86_64\bin\server;C:\Users\valer\AppData\Roaming\Code\User\globalStorage\redhat.java\1.54.0\config_win\org.eclipse.equinox.launcher\org.eclipse.equinox.launcher.win32.win32.x86_64_1.3.0.v20260203-2149;C:\Users\valer\AppData\Local\Temp\jna-111972238

VM Arguments:
jvm_args: --add-modules=ALL-SYSTEM --add-opens=java.base/java.util=ALL-UNNAMED --add-opens=java.base/java.lang=ALL-UNNAMED --add-opens=java.base/sun.nio.fs=ALL-UNNAMED -Declipse.application=org.eclipse.jdt.ls.core.id1 -Dosgi.bundles.defaultStartLevel=4 -Declipse.product=org.eclipse.jdt.ls.core.product -Djava.import.generatesMetadataFilesAtProjectRoot=false -DDetectVMInstallationsJob.disabled=true -Dfile.encoding=utf8 -XX:+UseParallelGC -XX:GCTimeRatio=4 -XX:AdaptiveSizePolicyWeight=90 -Dsun.zip.disableMemoryMapping=true -Xmx2G -Xms100m -Xlog:disable -javaagent:c:\Users\valer\.vscode\extensions\redhat.java-1.54.0-win32-x64\lombok\lombok-1.18.39-4050.jar -XX:+HeapDumpOnOutOfMemoryError -XX:HeapDumpPath=c:\Users\valer\AppData\Roaming\Code\User\workspaceStorage\3fb38b111684ee3380467fac27e5d9e0\redhat.java -Daether.dependencyCollector.impl=bf -Xmx512M -Xms512M 
java_command: c:\Users\valer\.vscode\extensions\redhat.java-1.54.0-win32-x64\server\plugins\org.eclipse.equinox.launcher_1.7.100.v20251111-0406.jar -configuration c:\Users\valer\AppData\Roaming\Code\User\globalStorage\redhat.java\1.54.0\config_win -data c:\Users\valer\AppData\Roaming\Code\User\workspaceStorage\3fb38b111684ee3380467fac27e5d9e0\redhat.java\jdt_ws --pipe=\\.\pipe\lsp-1be6e8cfeb30aceaaf9e7077ee75e9bf-sock
java_class_path (initial): c:\Users\valer\.vscode\extensions\redhat.java-1.54.0-win32-x64\server\plugins\org.eclipse.equinox.launcher_1.7.100.v20251111-0406.jar
Launcher Type: SUN_STANDARD

[Global flags]
    uintx AdaptiveSizePolicyWeight                 = 90                                        {product} {command line}
     intx CICompilerCount                          = 4                                         {product} {ergonomic}
    uintx GCTimeRatio                              = 4                                         {product} {command line}
     bool HeapDumpOnOutOfMemoryError               = true                                   {manageable} {command line}
    ccstr HeapDumpPath                             = c:\Users\valer\AppData\Roaming\Code\User\workspaceStorage\3fb38b111684ee3380467fac27e5d9e0\redhat.java         {manageable} {command line}
   size_t InitialHeapSize                          = 536870912                                 {product} {command line}
   size_t MaxHeapSize                              = 536870912                                 {product} {command line}
   size_t MaxNewSize                               = 178782208                                 {product} {ergonomic}
   size_t MinHeapDeltaBytes                        = 524288                                    {product} {ergonomic}
   size_t MinHeapSize                              = 536870912                                 {product} {command line}
   size_t NewSize                                  = 178782208                                 {product} {ergonomic}
    uintx NonNMethodCodeHeapSize                   = 5839372                                {pd product} {ergonomic}
    uintx NonProfiledCodeHeapSize                  = 122909434                              {pd product} {ergonomic}
   size_t OldSize                                  = 358088704                                 {product} {ergonomic}
    uintx ProfiledCodeHeapSize                     = 122909434                              {pd product} {ergonomic}
    uintx ReservedCodeCacheSize                    = 251658240                              {pd product} {ergonomic}
     bool SegmentedCodeCache                       = true                                      {product} {ergonomic}
   size_t SoftMaxHeapSize                          = 536870912                              {manageable} {ergonomic}
     bool UseCompressedOops                        = true                           {product lp64_product} {ergonomic}
     bool UseLargePagesIndividualAllocation        = false                                  {pd product} {ergonomic}
     bool UseParallelGC                            = true                                      {product} {command line}

Logging:
Log output configuration:
 #0: stdout all=off uptime,level,tags foldmultilines=false
 #1: stderr all=off uptime,level,tags foldmultilines=false

Release file:
JAVA_VERSION="21.0.10" 
MODULES="java.base java.compiler java.datatransfer java.xml java.prefs java.desktop java.instrument java.logging java.management java.security.sasl java.naming java.rmi java.management.rmi java.net.http java.scripting java.security.jgss java.transaction.xa java.sql java.sql.rowset java.xml.crypto java.se java.smartcardio jdk.accessibility jdk.internal.jvmstat jdk.attach jdk.charsets jdk.internal.opt jdk.zipfs jdk.compiler jdk.crypto.ec jdk.crypto.cryptoki jdk.crypto.mscapi jdk.dynalink jdk.internal.ed jdk.editpad jdk.hotspot.agent jdk.httpserver jdk.internal.le jdk.internal.vm.ci jdk.internal.vm.compiler jdk.internal.vm.compiler.management jdk.jartool jdk.javadoc jdk.jcmd jdk.management jdk.management.agent jdk.jconsole jdk.jdeps jdk.jdwp.agent jdk.jdi jdk.jfr jdk.jshell jdk.jsobject jdk.jstatd jdk.localedata jdk.management.jfr jdk.naming.dns jdk.naming.rmi jdk.net jdk.nio.mapmode jdk.random jdk.sctp jdk.security.auth jdk.security.jgss jdk.unsupported jdk.unsupported.desktop jdk.xml.dom" 

Environment Variables:
JAVA_HOME=C:\Program Files\OpenJDK\jdk-23.0.1\jdk-23.0.1
_JAVA_OPTIONS=-Xmx512M -Xms512M
PATH=C:\windows\system32;C:\windows;C:\windows\System32\Wbem;C:\windows\System32\WindowsPowerShell\v1.0\;C:\windows\System32\OpenSSH\;C:\Program Files (x86)\NVIDIA Corporation\PhysX\Common;c:\MinGW\bin;C:\WINDOWS\system32;C:\WINDOWS;C:\WINDOWS\System32\Wbem;C:\WINDOWS\System32\WindowsPowerShell\v1.0\;C:\WINDOWS\System32\OpenSSH\;C:\Program Files\OpenJDK\jdk-23.0.1\jdk-23.0.1\bin;C:\Program Files\Docker\Docker\resources\bin;C:\Program Files\Git\cmd;C:\spark\spark-3.5.3-bin-hadoop3\sbin;C:\spark\spark-3.5.3-bin-hadoop3\bin;C:\WINDOWS\system32;C:\WINDOWS;C:\WINDOWS\System32\Wbem;C:\WINDOWS\System32\WindowsPowerShell\v1.0\;C:\WINDOWS\System32\OpenSSH\;C:\Program Files (x86)\Windows Kits\10\Windows Performance Toolkit\;C:\Program Files\NVIDIA Corporation\NVIDIA App\NvDLISR;C:\Users\valer\AppData\Local\Programs\Python\Python39-32\Scripts\;C:\Users\valer\AppData\Local\Programs\Python\Python39-32\;C:\Users\valer\AppData\Local\Microsoft\WindowsApps;C:\texlive\2023\bin\windows;C:\Users\valer\AppData\Local\Programs\Microsoft VS Code\bin;C:\Program Files\Java\jdk1.8.0_202\bin;C:\Program Files\dlv2;C:\Program Files\apache-maven-3.9.16\bin;
USERNAME=valer
OS=Windows_NT
PROCESSOR_IDENTIFIER=Intel64 Family 6 Model 126 Stepping 5, GenuineIntel
TMP=C:\Users\valer\AppData\Local\Temp
TEMP=C:\Users\valer\AppData\Local\Temp




Periodic native trim disabled

---------------  S Y S T E M  ---------------

OS:
 Windows 11 , 64 bit Build 26100 (10.0.26100.8521)
OS uptime: 9 days 15:12 hours
Hyper-V role detected

CPU: total 8 (initial active 8) (4 cores per cpu, 2 threads per core) family 6 model 126 stepping 5 microcode 0xa0, cx8, cmov, fxsr, ht, mmx, 3dnowpref, sse, sse2, sse3, ssse3, sse4.1, sse4.2, popcnt, lzcnt, tsc, tscinvbit, avx, avx2, aes, erms, clmul, bmi1, bmi2, adx, avx512f, avx512dq, avx512cd, avx512bw, avx512vl, sha, fma, vzeroupper, avx512_vpopcntdq, avx512_vpclmulqdq, avx512_vaes, avx512_vnni, clflush, clflushopt, avx512_vbmi2, avx512_vbmi, hv, rdtscp, rdpid, fsrm, gfni, avx512_bitalg, f16c, avx512_ifma
Processor Information for processor 0
  Max Mhz: 1498, Current Mhz: 1298, Mhz Limit: 1288
Processor Information for processor 1
  Max Mhz: 1498, Current Mhz: 1298, Mhz Limit: 1288
Processor Information for processor 2
  Max Mhz: 1498, Current Mhz: 1298, Mhz Limit: 1288
Processor Information for processor 3
  Max Mhz: 1498, Current Mhz: 1298, Mhz Limit: 1288
Processor Information for processor 4
  Max Mhz: 1498, Current Mhz: 1298, Mhz Limit: 1288
Processor Information for processor 5
  Max Mhz: 1498, Current Mhz: 998, Mhz Limit: 1288
Processor Information for processor 6
  Max Mhz: 1498, Current Mhz: 1298, Mhz Limit: 1288
Processor Information for processor 7
  Max Mhz: 1498, Current Mhz: 1298, Mhz Limit: 1288

Memory: 4k page, system-wide physical 16161M (5964M free)
TotalPageFile size 65313M (AvailPageFile size 2M)
current process WorkingSet (physical memory assigned to process): 123M, peak: 855M
current process commit charge ("private bytes"): 817M, peak: 819M

vm_info: OpenJDK 64-Bit Server VM (21.0.10+7-LTS) for windows-amd64 JRE (21.0.10+7-LTS), built on 2026-01-20T00:00:00Z by "admin" with MS VC++ 17.12 (VS2022)

END.
